MAP
NAME WATERUSE
SIZE 900 600
STATUS ON
#SYMBOLSET "./sym_wateruse.sym"
# for map in dd
EXTENT  -83.6754150390625 36.5407371520996 -75.2422637939453 39.4660148620605
UNITS DD
# for map in utm 83z18
#UNITS METERS
SHAPEPATH "data"
FONTSET "./fonts.txt"
PROJECTION
  "init=epsg:4326"
END
DEBUG ON
CONFIG "MS_ERRORFILE" "/tmp/mapserver.log"

SYMBOL
  NAME 'hatch-simple'
  TYPE HATCH
END

SYMBOL
  NAME 'circle'
  TYPE ELLIPSE
  POINTS 1 1 END
  FILLED TRUE
END

WEB
   MAXSCALE 5000000
   IMAGEPATH "/var/www/html/tmp/"
   IMAGEURL "/tmp/"
  METADATA
    "wfs_title"            "COVA-OSGWSP WFS Testing Service"  ## REQUIRED
    "wfs_onlineresource"   "http://deq2.bse.vt.edu/cgi-bin/mapserv?map=/var/www/html/mapserv/drupal_wsp_data.map&"  ## Recommended
    "wfs_srs"               "EPSG:4326"  ## Recommended
    "wfs_abstract"       "This text describes my WFS service." ## Recommended
    "wfs_enable_request" "*"  # necessary
    "ows_schemas_location" "http://ogc.dmsolutions.ca"  ## Optional
  END
   TEMPLATE webmap.html
   VALIDATION
      'runid'   '[0-9]+$'
      'runid1'   '[0-9]+$'
      'runid2'   '[0-9]+$'
      'pscen'    '[0-9]+$'
      'nid'    '[0-9]+$'
      'div1'     '[0-9\.\-]+$'
      'div2'     '[0-9\.\-]+$'
      'div3'     '[0-9\.\-]+$'
      'div4'     '[0-9\.\-]+$'
      'dataname1'     '[0-9a-zA-Z\-]+$'
      'dataname2'     '[0-9a-zA-Z\-]+$'
      'default_runid' '21'
      'default_runid1' '21'
      'default_runid2' '22'
      'default_pscen' '37'
      'default_div1' '-0.15'
      'default_div2' '-0.05'
      'default_div3' '0.05'
      'default_div4' '0.15'
      'default_dataname1' 'auglowflow'
      'default_dataname2' 'auglowflow'
   END
END

LEGEND 
   IMAGECOLOR 255 250 240
   OUTLINECOLOR 0 0 0 
   KEYSIZE 16 16
   STATUS EMBED
   #TRANSPARENT OFF
   #TRANSPARENCY 50
   LABEL
     COLOR 0 0 0
     #SHADOWCOLOR 218 218 218
     #SHADOWSIZE 2 2
     TYPE TRUETYPE
     FONT arial
     SIZE 7
     ANTIALIAS TRUE
   END # end of label
   POSITION ur
END

LAYER
   CONNECTIONTYPE postgis
   CONNECTION "host=192.168.0.13 user=postgres password=314159 dbname=model"
   NAME poli_bounds
   GROUP poli_bounds
   TYPE POLYGON
   STATUS DEFAULT
   DEBUG ON
   DATA "the_geom from va_counties"
   #FILTER " projectid = 3"
   TEMPLATE drought.html
   #MINSCALE 1000
   #MAXSCALE 50000
   LABELITEM "name"
   CLASS
      NAME "Political Boundaries"
      SYMBOL 'circle'
      SIZE 2
      COLOR -1 -1 -1
      BACKGROUNDCOLOR 0 0 0
      OUTLINECOLOR 222 222 222
      LABEL
        COLOR 222 222 222
        TYPE TRUETYPE
        FONT arial
        SIZE 8
        ANTIALIAS TRUE
        POSITION CC
        PARTIALS FALSE
        MINDISTANCE 300
        MINFEATURESIZE 30
        BUFFER 4
      END # end of label
   END
   TOLERANCE 10
   PROJECTION
   # EPSG SRID = 4326
     "proj=latlong"
   END
   METADATA
    "DESCRIPTION"   "Political Boundaries"
    "RESULT_FIELDS" "name county state"
   END
END

LAYER
   NAME model_element_info
   METADATA
      "wfs_title"    "Model Element Info" ## REQUIRED
      "wfs_srs"           "EPSG:4326" ## REQUIRED
      "gml_featureid" "elementid" ## REQUIRED
      "gml_include_items" "all"  ## Optional (serves all attributes for layer)
      "wfs_enable_request" "*"
	  "wfs_version" "1.0.0"
   END
   CONNECTIONTYPE postgis
   CONNECTION "host=192.168.0.13 user=postgres password=314159 dbname=model"
   TYPE POLYGON
   STATUS OFF
   DUMP TRUE
   DEBUG OFF
   DATA "poly_geom FROM (select a.poly_geom, a.elementid, a.elemname, a.custom1, a.custom2 from scen_model_element as a where a.custom1 in ('cova_ws_subnodal', 'cova_ws_container') and a.scenarioid = %pscen% ) AS foo USING UNIQUE elementid"
   #FILTER "runid = 22"
   TEMPLATE webmap.html
   #MINSCALE 1000
   #MAXSCALE 50000
   CLASS
      #SYMBOL 'circle'
      #SIZE 11
      NAME "Watershed Bounds"
      COLOR 245 245 245
      BACKGROUNDCOLOR 0 0 0
      OUTLINECOLOR 0 0 0
   END
   TOLERANCE 10
   PROJECTION
   # EPSG SRID = 4326
     "init=epsg:4326"
   END
END

LAYER
   NAME wsp_coverage
   METADATA
      "wfs_title"    "Spatial Coverage" ## REQUIRED
      "wfs_srs"           "EPSG:4326" ## REQUIRED
      "gml_featureid" "elementid" ## REQUIRED
      "gml_include_items" "all"  ## Optional (serves all attributes for layer)
      "wfs_enable_request" "*"
	  "wfs_version" "1.0.0"
	   "gml_nid_type" "integer"
   END
   CONNECTIONTYPE postgis
   CONNECTION "host=192.168.0.13 user=wsp_ro password=314159 dbname=drupal715"
   TYPE POLYGON
   STATUS DEFAULT
   DUMP TRUE
   #OPACITY 0
   DEBUG OFF
   DATA "the_geom FROM (select the_geom, entity_id from cache_geofield_coverage_wkt where entity_id = '%nid%'  ) AS foo USING UNIQUE entity_id"
   #FILTER "runid = 22"
   TEMPLATE webmap.html
   #MINSCALE 1000
   #MAXSCALE 50000
   CLASS
      NAME "Watershed Bounds"
      COLOR 245 245 245
      #BACKGROUNDCOLOR 0 0 0
      OUTLINECOLOR 0 0 0
      STYLE
         OUTLINECOLOR 0 0 0
         WIDTH 4
      END
   END
   TOLERANCE 10
   PROJECTION
   # EPSG SRID = 4326
     "init=epsg:4326"
   END
END

LAYER
   NAME model_run_info
   METADATA
      "wfs_title"    "Model Run Status Info" ## REQUIRED
      "wfs_srs"           "EPSG:4326" ## REQUIRED
      "gml_featureid" "elementid" ## REQUIRED
      "gml_include_items" "all"  ## Optional (serves all attributes for layer)
      "wfs_enable_request" "*"
	  "wfs_version" "1.0.0"
   END
   CONNECTIONTYPE postgis
   CONNECTION "host=192.168.0.13 user=wsp_ro password=314159 dbname=drupal715"
   TYPE POLYGON
   STATUS OFF
   DUMP TRUE
   DEBUG ON
   # Query ties a control point to its parent
   DATA "the_geom FROM (
      select a.elementid, cbp.the_geom, cbp.riverseg, 
         a.runid, a.dataname, a.dataval
      from cache_geofield_coverage_wkt as geo
      left outer join cbp53_dd as cbp 
      on (
         geo.the_geom && cbp.the_geom 
         and contains(geo.the_geom, ST_PointOnSurface(cbp.the_geom) ) 
      )
      left outer join om_model_results as a 
      on ( a.custom2 = cbp.riverseg )
      where geo.entity_id = %nid% 
      and a.custom2 is not null 
      and a.runid = %runid%
      and a.dataname = '%dataname1%'
      and a.custom1 in ('cova_ws_subnodal', 'cova_ws_container')
      order by cbp.riverseg 
   ) AS foo USING UNIQUE elementid"
   #FILTER "scenarioid = %pscen% and runid = %runid1% and dataname = '%dataname1%' "
   TEMPLATE webmap.html
   LABELITEM "riverseg"
   #MINSCALE 1000
   #MAXSCALE 50000
   CLASS
      NAME Class1
      EXPRESSION ( [dataval] < %div1% )
      NAME "Watershed Bounds"
      COLOR 174 199 236
      BACKGROUNDCOLOR 0 0 0
      OUTLINECOLOR 0 0 0
      LABEL
        COLOR 132 31 31
        TYPE TRUETYPE
        FONT arial
        SIZE 8
        ANTIALIAS TRUE
        POSITION CC
        PARTIALS FALSE
        MINDISTANCE 8000
      END
   END
   CLASS
      NAME Class2
      EXPRESSION ( [dataval] >= %div1% and [dataval] < %div2% )
      NAME "Watershed Bounds"
      COLOR 130 172 235
      BACKGROUNDCOLOR 0 0 0
      OUTLINECOLOR 0 0 0
      LABEL
        COLOR 132 31 31
        TYPE TRUETYPE
        FONT arial
        SIZE 8
        ANTIALIAS TRUE
        POSITION CC
        PARTIALS FALSE
        MINDISTANCE 8000
      END
   END
   CLASS
      NAME Class3
      EXPRESSION ( [dataval] >= %div2% and [dataval] < %div3% )
      NAME "Watershed Bounds"
      COLOR 100 153 233
      BACKGROUNDCOLOR 0 0 0
      OUTLINECOLOR 0 0 0
      LABEL
        COLOR 132 31 31
        TYPE TRUETYPE
        FONT arial
        SIZE 8
        ANTIALIAS TRUE
        POSITION CC
        PARTIALS FALSE
        MINDISTANCE 8000
      END
   END
   CLASS
      NAME "Class4 "
      EXPRESSION ( [dataval] >= %div3% )
      COLOR 63 131 233
      BACKGROUNDCOLOR 0 0 0
      OUTLINECOLOR 0 0 0
      LABEL
        COLOR 132 31 31
        TYPE TRUETYPE
        FONT arial
        SIZE 8
        ANTIALIAS TRUE
        POSITION CC
        PARTIALS FALSE
        MINDISTANCE 8000
      END
   END
   CLASS
      NAME Defclass
      #COLOR 245 245 245
      COLOR 162 181 205
      BACKGROUNDCOLOR 0 0 0
      OUTLINECOLOR 0 0 0
      LABEL
        COLOR 132 31 31
        TYPE TRUETYPE
        FONT arial
        SIZE 8
        ANTIALIAS TRUE
        POSITION CC
        PARTIALS FALSE
        MINDISTANCE 8000
      END
   END
   TOLERANCE 10
   PROJECTION
   # EPSG SRID = 4326
     "init=epsg:4326"
   END
END



LAYER
   NAME model_run_compare
   METADATA
      "wfs_title"    "Model Run Comparison Info" ## REQUIRED
      "wfs_srs"           "EPSG:4326" ## REQUIRED
      "gml_featureid" "elementid" ## REQUIRED
      "gml_include_items" "all"  ## Optional (serves all attributes for layer)
	   "gml_delta_pct_type" "double"
	   "gml_dataval_run1_type" "double"
	   "gml_dataval_run2_type" "double"
	   "gml_run1_id_type" "integer"
	   "gml_run2_id_type" "integer"
	   "gml_delta_pct_type" "double"
      "wfs_enable_request_type" "*"
	   "wfs_version" "1.0.0"
   END
   VALIDATION
   END
   CONNECTIONTYPE postgis
   CONNECTION "host=192.168.0.13 user=wsp_ro password=314159 dbname=drupal715"
   TYPE POLYGON
   STATUS OFF
   DUMP TRUE
   DEBUG OFF
   DATA "the_geom FROM (
      select a.elementid, cbp.the_geom, cbp.riverseg, 
         a.runid as run1_id, a.dataname, a.dataval as dataval_run1, 
         b.runid as run1_id, b.dataval as dataval_run2, 
         CASE WHEN ( (a.dataval is null) or (b.dataval is null) ) THEN -99999 
            WHEN a.dataval > 0 THEN round(((b.dataval - a.dataval) / a.dataval)::numeric,4) 
            ELSE 0.0 
         END as delta_pct 
      from cache_geofield_coverage_wkt as geo
      left outer join cbp53_dd as cbp 
      on (
         geo.the_geom && cbp.the_geom 
         and contains(geo.the_geom, ST_PointOnSurface(cbp.the_geom) ) 
      )
      left outer join om_model_results as a 
      on ( a.custom2 = cbp.riverseg 
         and a.runid = %runid1%
         and a.dataname = '%dataname1%'
      )
      left outer join om_model_results as b 
      on ( a.custom2 = cbp.riverseg 
         and b.runid = %runid2%
         and b.elementid = a.elementid 
         and b.dataname = '%dataname2%'
      )
      where geo.entity_id = %nid% 
      and a.custom2 is not null 
      and a.custom1 in ('cova_ws_subnodal', 'cova_ws_container')
      order by cbp.riverseg 
   ) AS foo USING UNIQUE elementid"
   TEMPLATE webmap.html
   LABELITEM "riverseg"
   #MINSCALE 1000
   #MAXSCALE 50000
   CLASS
      NAME "More than -15%"
      EXPRESSION ( ([delta_pct] < %div1%) and ([delta_pct] > -99999 ) )
      COLOR 205 102 102
      BACKGROUNDCOLOR 0 0 0
      OUTLINECOLOR 0 0 0
      LABEL
        COLOR 132 31 31
        TYPE TRUETYPE
        FONT arial
        SIZE 8
        ANTIALIAS TRUE
        POSITION CC
        PARTIALS FALSE
        MINDISTANCE 8000
      END
   END
   CLASS
      NAME "-15% to -5%"
      EXPRESSION ( [delta_pct] >= %div1% and [delta_pct] < %div2% )
      COLOR 255 211 127
      BACKGROUNDCOLOR 0 0 0
      OUTLINECOLOR 0 0 0
      LABEL
        COLOR 132 31 31
        TYPE TRUETYPE
        FONT arial
        SIZE 8
        ANTIALIAS TRUE
        POSITION CC
        PARTIALS FALSE
        MINDISTANCE 8000
      END
   END
   CLASS
      NAME "-5% to +5%"
      EXPRESSION ( [delta_pct] >= %div2% and [delta_pct] < %div3% )
      COLOR 194 158 215
      BACKGROUNDCOLOR 0 0 0
      OUTLINECOLOR 0 0 0
      LABEL
        COLOR 132 31 31
        TYPE TRUETYPE
        FONT arial
        SIZE 8
        ANTIALIAS TRUE
        POSITION CC
        PARTIALS FALSE
        MINDISTANCE 8000
      END
   END
   CLASS
      NAME "+5% to +15%"
      EXPRESSION ( [delta_pct] >= %div3% and [delta_pct] < %div4% )
      COLOR 102 153 205
      BACKGROUNDCOLOR 0 0 0
      OUTLINECOLOR 0 0 0
      LABEL
        COLOR 132 31 31
        TYPE TRUETYPE
        FONT arial
        SIZE 8
        ANTIALIAS TRUE
        POSITION CC
        PARTIALS FALSE
        MINDISTANCE 8000
      END
   END
   CLASS
      NAME "Greater than +15%"
      EXPRESSION ( [delta_pct] >= %div4% )
      COLOR 171 205 102
      BACKGROUNDCOLOR 0 0 0
      OUTLINECOLOR 0 0 0
      LABEL
        COLOR 132 31 31
        TYPE TRUETYPE
        FONT arial
        SIZE 8
        ANTIALIAS TRUE
        POSITION CC
        PARTIALS FALSE
        MINDISTANCE 8000
      END
   END
   CLASS
      EXPRESSION ( [delta_pct] == -99999)
      NAME "No Data"
      COLOR 204 204 204
      BACKGROUNDCOLOR 0 0 0
      OUTLINECOLOR 0 0 0
      STYLE
        SYMBOL "hatch-simple"
        COLOR 255 255 255
        SIZE 10
        WIDTH 6
        ANGLE 45
        OPACITY 10
      END # STYLE
      LABEL
        COLOR 132 31 31
        TYPE TRUETYPE
        FONT arial
        SIZE 8
        ANTIALIAS TRUE
        POSITION CC
        PARTIALS FALSE
        MINDISTANCE 8000
      END
   END
   TOLERANCE 10
   PROJECTION
   # EPSG SRID = 4326
     "init=epsg:4326"
   END
END

LAYER
  NAME infolayer
  STATUS ON
  TYPE annotation
  TRANSFORM false
  FEATURE
    POINTS
      425 35 #this is the position of the text in image coordinates (pixels)
    END
    TEXT " Comparison of %dataname1% metrics for runs %runid1% and %runid2%    " #this is your displaying text
  END   
  CLASS
    #NAME thislabel
    EXPRESSION ( %dataname1% == 'auglowflow' )
    LABEL #defines the font, colors etc. of the text
      TEXT "      Comparison of August Low-Flow metrics      "
      FONT "arial"
      TYPE TRUETYPE
      SIZE 10
      BUFFER 1
      COLOR 0 0 0
      FORCE TRUE
    END
  END 
  CLASS
    #NAME thislabel
    EXPRESSION ( %dataname1% == '7q10' )
    LABEL #defines the font, colors etc. of the text
      TEXT "      Comparison of 7Q10 metrics      "
      FONT "arial"
      TYPE TRUETYPE
      SIZE 10
      BUFFER 1
      COLOR 0 0 0
      FORCE TRUE
    END
  END 
  CLASS
    LABEL #defines the font, colors etc. of the text
      TEXT "      Comparison of metrics      "
      FONT "arial"
      TYPE TRUETYPE
      SIZE 10
      BUFFER 1
      COLOR 0 0 0
      FORCE TRUE
    END
  END 
END
#map definition end
END
