MAP
NAME WATERUSE
SIZE 900 600
STATUS ON
#SYMBOLSET "./sym_wateruse.sym"
# for map in dd
EXTENT  -83.6754150390625 36.5407371520996 -75.2422637939453 39.4660148620605
UNITS DD
# for map in utm 83z18
#UNITS METERS
SHAPEPATH "data"
FONTSET "./fonts.txt"
PROJECTION
  "init=epsg:4326"
END
DEBUG ON
CONFIG "MS_ERRORFILE" "/tmp/mapserver.log"

SYMBOL
  NAME 'hatch-simple'
  TYPE HATCH
END

SYMBOL
  NAME 'circle'
  TYPE ELLIPSE
  POINTS 1 1 END
  FILLED TRUE
END

WEB
   MAXSCALE 5000000
   IMAGEPATH "/var/www/html/tmp/"
   IMAGEURL "/tmp/"
  METADATA
    "wfs_title"            "COVA-OSGWSP WFS Testing Service"  ## REQUIRED
    "wfs_onlineresource"   "http://deq2.bse.vt.edu/cgi-bin/mapserv?map=/var/www/html/mapserv/drupal_wsp_data.map&"  ## Recommended
    "wfs_srs"               "EPSG:4326"  ## Recommended
    "wfs_abstract"       "This text describes my WFS service." ## Recommended
    "wfs_enable_request" "*"  # necessary
    "ows_schemas_location" "http://ogc.dmsolutions.ca"  ## Optional
  END
   TEMPLATE webmap.html
   VALIDATION
      'runid'   '[0-9]+$'
      'runid1'   '[0-9]+$'
      'runid2'   '[0-9]+$'
      'pscen'    '[0-9]+$'
      'nid'    '[0-9]+$'
      'nontidal'    '[0-9]+$'
      'default_nontidal' '1'
      'excludepat'    '[0-9a-zA-Z\-]+$'
      'default_excludepat' ''
      'covpat'    '[0-9a-zA-Z\-]+$'
      'default_covpat' ''
      'div1'     '[0-9\.\-]+$'
      'div2'     '[0-9\.\-]+$'
      'div3'     '[0-9\.\-]+$'
      'div4'     '[0-9\.\-]+$'
      'dataname1'     '[0-9a-zA-Z\-]+$'
      'default_dataname1' 'auglowflow'
      'dataname2'     '[0-9a-zA-Z\-]+$'
      'default_dataname2' 'auglowflow'
      'default_runid' '21'
      'default_runid1' '21'
      'default_runid2' '22'
      'default_pscen' '37'
      'default_div1' '-0.2'
      'default_div2' '-0.1'
      'default_div3' '0.1'
      'default_div4' '0.2'
   END
END

LEGEND 
   IMAGECOLOR 255 250 240
   OUTLINECOLOR 0 0 0 
   KEYSIZE 16 16
   STATUS EMBED
   #TRANSPARENT OFF
   #TRANSPARENCY 50
   LABEL
     COLOR 0 0 0
     #SHADOWCOLOR 218 218 218
     #SHADOWSIZE 2 2
     TYPE TRUETYPE
     FONT arial
     SIZE 7
     ANTIALIAS TRUE
   END # end of label
   POSITION ul
END

LAYER
   CONNECTIONTYPE postgis
   CONNECTION "host=192.168.0.20 user=postgres password=314159 dbname=model"
   NAME poli_bounds
   GROUP poli_bounds
   TYPE POLYGON
   STATUS DEFAULT
   DEBUG OFF
   DATA "the_geom from va_counties"
   #FILTER " projectid = 3"
   TEMPLATE drought.html
   #MINSCALE 1000
   #MAXSCALE 50000
   #LABELITEM "name"
   CLASS
      NAME "Political Boundaries"
      SYMBOL 'circle'
      SIZE 2
      COLOR -1 -1 -1
      BACKGROUNDCOLOR 0 0 0
      OUTLINECOLOR 222 222 222
      LABEL
        COLOR 222 222 222
        TYPE TRUETYPE
        FONT arial
        SIZE 8
        ANTIALIAS TRUE
        POSITION CC
        PARTIALS FALSE
        MINDISTANCE 300
        MINFEATURESIZE 30
        BUFFER 4
      END # end of label
   END
   TOLERANCE 10
   PROJECTION
   # EPSG SRID = 4326
     "proj=latlong"
   END
   METADATA
    "DESCRIPTION"   "Political Boundaries"
    "RESULT_FIELDS" "name county state"
   END
END

LAYER
   NAME model_element_info
   METADATA
      "wfs_title"    "Model Element Info" ## REQUIRED
      "wfs_srs"           "EPSG:4326" ## REQUIRED
      "gml_featureid" "elementid" ## REQUIRED
      "gml_include_items" "all"  ## Optional (serves all attributes for layer)
      "wfs_enable_request" "*"
	  "wfs_version" "1.0.0"
   END
   CONNECTIONTYPE postgis
   CONNECTION "host=192.168.0.20 user=postgres password=314159 dbname=model"
   TYPE POLYGON
   STATUS OFF
   DUMP TRUE
   DEBUG OFF
   DATA "poly_geom FROM (select a.poly_geom, a.elementid, a.elemname, a.custom1, a.custom2 from scen_model_element as a where a.custom1 in ('cova_ws_subnodal', 'cova_ws_container') and a.scenarioid = %pscen% ) AS foo USING UNIQUE elementid"
   #FILTER "runid = 22"
   TEMPLATE webmap.html
   #MINSCALE 1000
   #MAXSCALE 50000
   CLASS
      #SYMBOL 'circle'
      #SIZE 11
      NAME "Watershed Bounds"
      COLOR 245 245 245
      BACKGROUNDCOLOR 0 0 0
      OUTLINECOLOR 0 0 0
   END
   TOLERANCE 10
   PROJECTION
   # EPSG SRID = 4326
     "init=epsg:4326"
   END
END

LAYER
   NAME model_run_info
   METADATA
      "wfs_title"    "Model Run Status Info" ## REQUIRED
      "wfs_srs"           "EPSG:4326" ## REQUIRED
      "gml_featureid" "elementid" ## REQUIRED
      "gml_include_items" "all"  ## Optional (serves all attributes for layer)
      "wfs_enable_request" "*"
	  "wfs_version" "1.0.0"
   END
   CONNECTIONTYPE postgis
   CONNECTION "host=192.168.0.20 user=wsp_ro password=314159 dbname=drupal715"
   TYPE POLYGON
   STATUS OFF
   DUMP TRUE
   DEBUG OFF
   # Query ties a control point to its parent
   DATA "the_geom FROM (
      select a.elementid, cbp.the_geom, cbp.riverseg, 
         a.runid, a.dataname, a.dataval
      from cache_geofield_coverage_wkt as geo
      left outer join cbp53_dd as cbp 
      on (
         geo.the_geom && cbp.the_geom 
         and contains(geo.the_geom, ST_PointOnSurface(cbp.the_geom) ) 
      )
      left outer join om_model_results as a 
      on ( a.custom2 = cbp.riverseg )
      where geo.entity_id = %nid% 
      and a.custom2 is not null 
      and a.runid = %runid%
      and a.dataname = '%dataname1%'
      and a.custom1 in ('cova_ws_subnodal', 'cova_ws_container')
      order by cbp.riverseg 
   ) AS foo USING UNIQUE elementid"
   #FILTER "scenarioid = %pscen% and runid = %runid1% and dataname = '%dataname1%' "
   TEMPLATE webmap.html
   #LABELITEM "riverseg"
   #MINSCALE 1000
   #MAXSCALE 50000
   CLASS
      NAME Class1
      EXPRESSION ( [dataval] < %div1% )
      NAME "Watershed Bounds"
      COLOR 174 199 236
      BACKGROUNDCOLOR 0 0 0
      OUTLINECOLOR 0 0 0
      LABEL
        COLOR 132 31 31
        TYPE TRUETYPE
        FONT arial
        SIZE 8
        ANTIALIAS TRUE
        POSITION CC
        PARTIALS FALSE
        MINDISTANCE 8000
      END
   END
   CLASS
      NAME Class2
      EXPRESSION ( [dataval] >= %div1% and [dataval] < %div2% )
      NAME "Watershed Bounds"
      COLOR 130 172 235
      BACKGROUNDCOLOR 0 0 0
      OUTLINECOLOR 0 0 0
      LABEL
        COLOR 132 31 31
        TYPE TRUETYPE
        FONT arial
        SIZE 8
        ANTIALIAS TRUE
        POSITION CC
        PARTIALS FALSE
        MINDISTANCE 8000
      END
   END
   CLASS
      NAME Class3
      EXPRESSION ( [dataval] >= %div2% and [dataval] < %div3% )
      NAME "Watershed Bounds"
      COLOR 100 153 233
      BACKGROUNDCOLOR 0 0 0
      OUTLINECOLOR 0 0 0
      LABEL
        COLOR 132 31 31
        TYPE TRUETYPE
        FONT arial
        SIZE 8
        ANTIALIAS TRUE
        POSITION CC
        PARTIALS FALSE
        MINDISTANCE 8000
      END
   END
   CLASS
      NAME "Class4 "
      EXPRESSION ( [dataval] >= %div3% )
      COLOR 63 131 233
      BACKGROUNDCOLOR 0 0 0
      OUTLINECOLOR 0 0 0
      LABEL
        COLOR 132 31 31
        TYPE TRUETYPE
        FONT arial
        SIZE 8
        ANTIALIAS TRUE
        POSITION CC
        PARTIALS FALSE
        MINDISTANCE 8000
      END
   END
   CLASS
      NAME Defclass
      #COLOR 245 245 245
      COLOR 162 181 205
      BACKGROUNDCOLOR 0 0 0
      OUTLINECOLOR 0 0 0
      LABEL
        COLOR 132 31 31
        TYPE TRUETYPE
        FONT arial
        SIZE 8
        ANTIALIAS TRUE
        POSITION CC
        PARTIALS FALSE
        MINDISTANCE 8000
      END
   END
   TOLERANCE 10
   PROJECTION
   # EPSG SRID = 4326
     "init=epsg:4326"
   END
END

LAYER
   NAME model_elements
   METADATA
      "wfs_title"    "Model Element Overview" ## REQUIRED
      "wfs_srs"           "EPSG:4326" ## REQUIRED
      "gml_featureid" "elementid" ## REQUIRED
      "gml_include_items" "all"  ## Optional (serves all attributes for layer)
      "wfs_enable_request" "*"
	  "wfs_version" "1.0.0"
   END
   CONNECTIONTYPE postgis
   CONNECTION "host=192.168.0.20 user=wsp_ro password=314159 dbname=drupal715"
   TYPE POLYGON
   STATUS OFF
   DUMP TRUE
   DEBUG OFF
   # Query ties a control point to its parent
   DATA "the_geom FROM (
      select geo.entity_id, cbp.the_geom, cbp.riverseg
      from cache_geofield_coverage_wkt as geo
      left outer join cbp53_dd as cbp 
      on (
         geo.the_geom && cbp.the_geom 
         and contains(geo.the_geom, ST_PointOnSurface(cbp.the_geom) ) 
      )
      where geo.entity_id = %nid% 
      order by cbp.riverseg 
   ) AS foo USING UNIQUE entity_id"
   #FILTER "scenarioid = %pscen% and runid = %runid1% and dataname = '%dataname1%' "
   TEMPLATE webmap.html
   #MINSCALE 1000
   #MAXSCALE 50000
   CLASS
      NAME "Area of Interest"
      #COLOR 245 245 245
      COLOR 162 181 205
      BACKGROUNDCOLOR 0 0 0
      OUTLINECOLOR 0 0 0
      LABEL
        COLOR 0 0 0
        TYPE TRUETYPE
        FONT arial
        SIZE 8
        ANTIALIAS TRUE
        POSITION LC
        PARTIALS FALSE
        MINDISTANCE 8000
      END
   END
   TOLERANCE 10
   PROJECTION
   # EPSG SRID = 4326
     "init=epsg:4326"
   END
END

LAYER
   NAME model_elements_touching
   METADATA
      "wfs_title"    "Model Element Overview" ## REQUIRED
      "wfs_srs"           "EPSG:4326" ## REQUIRED
      "gml_featureid" "elementid" ## REQUIRED
      "gml_include_items" "all"  ## Optional (serves all attributes for layer)
      "wfs_enable_request" "*"
	  "wfs_version" "1.0.0"
   END
   CONNECTIONTYPE postgis
   CONNECTION "host=192.168.0.20 user=wsp_ro password=314159 dbname=drupal715"
   TYPE POLYGON
   STATUS OFF
   DUMP TRUE
   DEBUG OFF
   # Query ties a control point to its parent
   DATA "the_geom FROM (
      select geo.entity_id, cbp.the_geom, cbp.riverseg
      from cache_geofield_coverage_wkt as geo
      left outer join cbp53_dd as cbp 
      on (
         geo.the_geom && cbp.the_geom 
         and st_intersects(geo.the_geom, cbp.the_geom) 
      )
      where geo.entity_id = %nid% 
      order by cbp.riverseg 
   ) AS foo USING UNIQUE entity_id"
   #FILTER "scenarioid = %pscen% and runid = %runid1% and dataname = '%dataname1%' "
   TEMPLATE webmap.html
   #MINSCALE 1000
   #MAXSCALE 50000
   CLASS
      NAME "Area of Interest"
      #COLOR 245 245 245
      COLOR 162 181 205
      BACKGROUNDCOLOR 0 0 0
      OUTLINECOLOR 0 0 0
      LABEL
        COLOR 0 0 0
        TYPE TRUETYPE
        FONT arial
        SIZE 8
        ANTIALIAS TRUE
        POSITION LC
        PARTIALS FALSE
        MINDISTANCE 8000
      END
   END
   TOLERANCE 10
   PROJECTION
   # EPSG SRID = 4326
     "init=epsg:4326"
   END
END

LAYER
   NAME model_run_compare
   METADATA
      "wfs_title"    "Model Run Comparison Info" ## REQUIRED
      "wfs_srs"           "EPSG:4326" ## REQUIRED
      "gml_featureid" "elementid" ## REQUIRED
      "gml_include_items" "all"  ## Optional (serves all attributes for layer)
	   "gml_delta_pct_type" "double"
	   "gml_dataval_run1_type" "double"
	   "gml_dataval_run2_type" "double"
	   "gml_run1_id_type" "integer"
	   "gml_run2_id_type" "integer"
	   "gml_delta_pct_type" "double"
      "wfs_enable_request_type" "*"
	   "wfs_version" "1.0.0"
   END
   VALIDATION
   END
   CONNECTIONTYPE postgis
   CONNECTION "host=192.168.0.20 user=wsp_ro password=314159 dbname=drupal715"
   TYPE POLYGON
   STATUS OFF
   DUMP TRUE
   DEBUG OFF
   DATA "the_geom FROM (
      select a.elementid, cbp.the_geom, cbp.riverseg, 
         a.run1_id, a.dataname, a.dataval_run1, a.run2_id, a.dataval_run2, 
         CASE 
            WHEN a.delta_pct is NUll THEN -99999 
            ELSE a.delta_pct
         END as delta_pct
      from cache_geofield_coverage_wkt as geo
      left outer join cbp53_dd as cbp 
      on (
         geo.the_geom && cbp.the_geom 
         and contains(geo.the_geom, ST_PointOnSurface(cbp.the_geom) ) 
      )
      left outer join cache_om_model_run_compare as a 
      on ( a.riverseg = cbp.riverseg 
         and a.run1_id = %runid1%
         and a.dataname = '%dataname1%'
         and a.run2_id = %runid2%
         and a.riverseg is not null 
         and (
            (a.riverseg  not like '%0000%')
            OR 
            ( %nontidal% = 0 )
         )
         and (
            (a.riverseg  not like '%excludepat%%')
            OR 
            ( '%excludepat%' = '' )
         )
      )
      where geo.entity_id = %nid% 
      order by cbp.riverseg 
   ) AS foo USING UNIQUE elementid"
   TEMPLATE webmap.html
   #LABELITEM "riverseg"
   #MINSCALE 1000
   #MAXSCALE 50000
   CLASS
      NAME "More than -20%"
      EXPRESSION ( ([delta_pct] < -0.2) and ([delta_pct] > -99999 ) )
      COLOR 205 102 102
      BACKGROUNDCOLOR 0 0 0
      OUTLINECOLOR 0 0 0
      LABEL
        COLOR 132 31 31
        TYPE TRUETYPE
        FONT arial
        SIZE 8
        ANTIALIAS TRUE
        POSITION CC
        PARTIALS FALSE
        MINDISTANCE 8000
      END
   END
   CLASS
      NAME "-20% to -10%"
      EXPRESSION ( [delta_pct] >= -0.2 and [delta_pct] < -0.1 )
      COLOR 221 153 102
      BACKGROUNDCOLOR 0 0 0
      OUTLINECOLOR 0 0 0
      LABEL
        COLOR 132 31 31
        TYPE TRUETYPE
        FONT arial
        SIZE 8
        ANTIALIAS TRUE
        POSITION CC
        PARTIALS FALSE
        MINDISTANCE 8000
      END
   END 
   CLASS
      NAME "-10% to -5%"
      EXPRESSION ( [delta_pct] >= -0.10 and [delta_pct] < -0.05 )
      COLOR 238 204 102
      BACKGROUNDCOLOR 0 0 0
      OUTLINECOLOR 0 0 0
      LABEL
        COLOR 132 31 31
        TYPE TRUETYPE
        FONT arial
        SIZE 8
        ANTIALIAS TRUE
        POSITION CC
        PARTIALS FALSE
        MINDISTANCE 8000
      END
   END
   CLASS
      NAME "-5% to -1%"
      EXPRESSION ( [delta_pct] >= -0.05 and [delta_pct] < -0.01 )
      COLOR 255 255 102
      BACKGROUNDCOLOR 0 0 0
      OUTLINECOLOR 0 0 0
      LABEL
        COLOR 132 31 31
        TYPE TRUETYPE
        FONT arial
        SIZE 8
        ANTIALIAS TRUE
        POSITION CC
        PARTIALS FALSE
        MINDISTANCE 8000
      END
   END
   CLASS
      NAME " +/- 1%"
      EXPRESSION ( [delta_pct] >= -0.01 and [delta_pct] < 0.01 )
      COLOR 220 220 220
      BACKGROUNDCOLOR 0 0 0
      OUTLINECOLOR 0 0 0
      LABEL
        COLOR 132 31 31
        TYPE TRUETYPE
        FONT arial
        SIZE 8
        ANTIALIAS TRUE
        POSITION CC
        PARTIALS FALSE
        MINDISTANCE 8000
      END
   END
   CLASS
      NAME "From 1% to +10%"
      EXPRESSION ( [delta_pct] >= 0.01 and [delta_pct] < 0.1 )
      COLOR 171 205 102
      BACKGROUNDCOLOR 0 0 0
      OUTLINECOLOR 0 0 0
      LABEL
        COLOR 132 31 31
        TYPE TRUETYPE
        FONT arial
        SIZE 8
        ANTIALIAS TRUE
        POSITION CC
        PARTIALS FALSE
        MINDISTANCE 8000
      END
   END
   CLASS
      NAME "Greater than +10%"
      EXPRESSION ( [delta_pct] >= 0.1 )
      COLOR 46 139 102
      BACKGROUNDCOLOR 0 0 0
      OUTLINECOLOR 0 0 0
      LABEL
        COLOR 132 31 31
        TYPE TRUETYPE
        FONT arial
        SIZE 8
        ANTIALIAS TRUE
        POSITION CC
        PARTIALS FALSE
        MINDISTANCE 8000
      END
   END
   CLASS
      NAME "Undefined"
      BACKGROUNDCOLOR 255 255 255
      OUTLINECOLOR 0 0 0
      STYLE
        SYMBOL "hatch-simple"
        COLOR 67 66 81
        SIZE 10
        WIDTH 3
        ANGLE 45
        OPACITY 100
      END # STYLE
      LABEL
        COLOR 132 31 31
        TYPE TRUETYPE
        FONT arial
        SIZE 8
        ANTIALIAS TRUE
        POSITION CC
        PARTIALS FALSE
        MINDISTANCE 8000
      END
   END
   TOLERANCE 10
   PROJECTION
   # EPSG SRID = 4326
     "init=epsg:4326"
   END
END


LAYER
   NAME model_run_compare_touching
   METADATA
      "wfs_title"    "Model Run Comparison Info" ## REQUIRED
      "wfs_srs"           "EPSG:4326" ## REQUIRED
      "gml_featureid" "elementid" ## REQUIRED
      "gml_include_items" "all"  ## Optional (serves all attributes for layer)
	   "gml_delta_pct_type" "double"
	   "gml_dataval_run1_type" "double"
	   "gml_dataval_run2_type" "double"
	   "gml_run1_id_type" "integer"
	   "gml_run2_id_type" "integer"
	   "gml_delta_pct_type" "double"
      "wfs_enable_request_type" "*"
	   "wfs_version" "1.0.0"
   END
   VALIDATION
   END
   CONNECTIONTYPE postgis
   CONNECTION "host=192.168.0.20 user=wsp_ro password=314159 dbname=drupal715"
   TYPE POLYGON
   STATUS OFF
   DUMP TRUE
   DEBUG OFF
   DATA "the_geom FROM (
      select a.elementid, cbp.the_geom, cbp.riverseg, 
         a.run1_id, a.dataname, a.dataval_run1, a.run2_id, a.dataval_run2, 
         CASE 
            WHEN a.delta_pct is NUll THEN -99999 
            ELSE a.delta_pct
         END as delta_pct
      from cache_geofield_coverage_wkt as geo
      left outer join cbp53_dd as cbp 
      on (
         geo.the_geom && cbp.the_geom 
         and st_intersects(geo.the_geom, cbp.the_geom ) 
      )
      left outer join cache_om_model_run_compare as a 
      on ( a.riverseg = cbp.riverseg 
         and a.run1_id = %runid1%
         and a.dataname = '%dataname1%'
         and a.run2_id = %runid2%
         and a.riverseg is not null 
         and (
            (a.riverseg  not like '%0000%')
            OR 
            ( %nontidal% = 0 )
         )
         and (
            (a.riverseg  not like '%excludepat%%')
            OR 
            ( '%excludepat%' = '' )
         )
      )
      where geo.entity_id = %nid% 
      order by cbp.riverseg 
   ) AS foo USING UNIQUE elementid"
   TEMPLATE webmap.html
   #LABELITEM "riverseg"
   #MINSCALE 1000
   #MAXSCALE 50000
   CLASS
      NAME "More than -20%"
      EXPRESSION ( ([delta_pct] < -0.2) and ([delta_pct] > -99999 ) )
      COLOR 205 102 102
      BACKGROUNDCOLOR 0 0 0
      OUTLINECOLOR 0 0 0
      LABEL
        COLOR 132 31 31
        TYPE TRUETYPE
        FONT arial
        SIZE 8
        ANTIALIAS TRUE
        POSITION CC
        PARTIALS FALSE
        MINDISTANCE 8000
      END
   END
   CLASS
      NAME "-20% to -10%"
      EXPRESSION ( [delta_pct] >= -0.2 and [delta_pct] < -0.1 )
      COLOR 221 153 102
      BACKGROUNDCOLOR 0 0 0
      OUTLINECOLOR 0 0 0
      LABEL
        COLOR 132 31 31
        TYPE TRUETYPE
        FONT arial
        SIZE 8
        ANTIALIAS TRUE
        POSITION CC
        PARTIALS FALSE
        MINDISTANCE 8000
      END
   END 
   CLASS
      NAME "-10% to -5%"
      EXPRESSION ( [delta_pct] >= -0.10 and [delta_pct] < -0.05 )
      COLOR 238 204 102
      BACKGROUNDCOLOR 0 0 0
      OUTLINECOLOR 0 0 0
      LABEL
        COLOR 132 31 31
        TYPE TRUETYPE
        FONT arial
        SIZE 8
        ANTIALIAS TRUE
        POSITION CC
        PARTIALS FALSE
        MINDISTANCE 8000
      END
   END
   CLASS
      NAME "-5% to -1%"
      EXPRESSION ( [delta_pct] >= -0.05 and [delta_pct] < -0.01 )
      COLOR 255 255 102
      BACKGROUNDCOLOR 0 0 0
      OUTLINECOLOR 0 0 0
      LABEL
        COLOR 132 31 31
        TYPE TRUETYPE
        FONT arial
        SIZE 8
        ANTIALIAS TRUE
        POSITION CC
        PARTIALS FALSE
        MINDISTANCE 8000
      END
   END
   CLASS
      NAME " +/- 1%"
      EXPRESSION ( [delta_pct] >= -0.01 and [delta_pct] < 0.01 )
      COLOR 220 220 220
      BACKGROUNDCOLOR 0 0 0
      OUTLINECOLOR 0 0 0
      LABEL
        COLOR 132 31 31
        TYPE TRUETYPE
        FONT arial
        SIZE 8
        ANTIALIAS TRUE
        POSITION CC
        PARTIALS FALSE
        MINDISTANCE 8000
      END
   END
   CLASS
      NAME "From 1% to +10%"
      EXPRESSION ( [delta_pct] >= 0.01 and [delta_pct] < 0.1 )
      COLOR 171 205 102
      BACKGROUNDCOLOR 0 0 0
      OUTLINECOLOR 0 0 0
      LABEL
        COLOR 132 31 31
        TYPE TRUETYPE
        FONT arial
        SIZE 8
        ANTIALIAS TRUE
        POSITION CC
        PARTIALS FALSE
        MINDISTANCE 8000
      END
   END
   CLASS
      NAME "Greater than +10%"
      EXPRESSION ( [delta_pct] >= 0.1 )
      COLOR 46 139 102
      BACKGROUNDCOLOR 0 0 0
      OUTLINECOLOR 0 0 0
      LABEL
        COLOR 132 31 31
        TYPE TRUETYPE
        FONT arial
        SIZE 8
        ANTIALIAS TRUE
        POSITION CC
        PARTIALS FALSE
        MINDISTANCE 8000
      END
   END
   CLASS
      NAME "Undefined"
      BACKGROUNDCOLOR 255 255 255
      OUTLINECOLOR 0 0 0
      STYLE
        SYMBOL "hatch-simple"
        COLOR 67 66 81
        SIZE 10
        WIDTH 3
        ANGLE 45
        OPACITY 100
      END # STYLE
      LABEL
        COLOR 132 31 31
        TYPE TRUETYPE
        FONT arial
        SIZE 8
        ANTIALIAS TRUE
        POSITION CC
        PARTIALS FALSE
        MINDISTANCE 8000
      END
   END
   TOLERANCE 10
   PROJECTION
   # EPSG SRID = 4326
     "init=epsg:4326"
   END
END

LAYER
   NAME wsp_vahydro_gw_summary
   METADATA
      "wfs_title"    "Water Supply Plan System Information" ## REQUIRED
      "wfs_srs"           "EPSG:4326" ## REQUIRED
      "gml_featureid" "system_nid" ## REQUIRED
      "gml_include_items" "all"  ## Optional (serves all attributes for layer)
      "wfs_enable_request" "*"
	   "gml_current_mgy_type" "double"
	   "gml_current_max_mgd_type" "double"
	   "gml_proj_use_mgy_type" "double"
	   "gml_area_sqmi_type" "double"
	   "gml_current_gw_in_yr_type" "double"
	   "gml_proj_gw_in_yr_type" "double"
	   "gml_delta_gw_in_yr_type" "double"
	   "gml_gw_proj_mgd_type" "double"
	   "gml_sw_proj_mgd_type" "double"
   END
   VALIDATION
      'default_div1' '0.0'
      'default_div2' '0.10'
      'default_div3' '0.25'
      'default_pscen' '37'
      'default_nscen' '95'
   END
   CONNECTIONTYPE postgis
   CONNECTION "host=192.168.0.20 user=wsp_ro password=314159 dbname=drupal715"
   TYPE POLYGON
   STATUS OFF
   DUMP TRUE
   DEBUG ON
   # this query is somewhat propblematic because the name of the geom column in non-standard
   # Apparently, mapserver assumes that the first table in a join is the one which contains
   # the geometry, therefore we need to reorder the join to make that work reliably
   DATA "the_geom FROM (
      select a.gid, a.name, a.stcofips, a.sane_geom as the_geom, sum(b.current_mgy) as current_mgy, 
      sum(b.current_max_mgd) as current_max_mgd, sum(b.proj_use_mgy) as proj_use_mgy,     
      sum(b.sw_proj_mgd) as sw_proj_mgd, sum(b.gw_proj_mgd) as gw_proj_mgd, 
      CASE 
         WHEN  sum(365.0 * b.gw_current_mgd * 0.0575625 / a.area_sqmi) is null THEN 0.0 
         ELSE round( sum(365.0 * b.gw_current_mgd * 0.0575625 / a.area_sqmi)::numeric, 3) 
      END as current_gw_in_yr, 
      CASE 
         WHEN sum(a.area_sqmi) is null THEN -99999 
         WHEN sum(b.gw_proj_mgd) is null THEN -99999 
         WHEN sum(365.0 * b.gw_proj_mgd * 0.0575625 / a.area_sqmi) is null THEN -99999 
         ELSE round( sum(365.0 * b.gw_proj_mgd * 0.0575625 / a.area_sqmi)::numeric, 3) 
      END as proj_gw_in_yr, 
      CASE 
         WHEN sum( 365.0 * (b.gw_proj_mgd - b.gw_current_mgd) * 0.0575625 / a.area_sqmi) is null THEN 0.0 
         ELSE round( sum( 365.0 * (b.gw_proj_mgd - b.gw_current_mgd) * 0.0575625 / a.area_sqmi)::numeric, 3) 
      END as delta_gw_in_yr , 
      CASE WHEN (sum(current_mgy) > 0.0) 
         THEN round((sum(proj_use_mgy - current_mgy) / sum(current_mgy))::numeric,4) 
         ELSE round(sum(proj_use_mgy)::numeric,4) 
      END as delta_pct 
   from cache_geofield_coverage_wkt as geo
   left outer join va_counties as a 
   on (
      geo.the_geom && a.sane_geom 
      and intersects(geo.the_geom, a.sane_geom ) 
   )
   left outer join wsp_sysloc_cache as b 
   on ( a.sane_geom && b.the_geom
       and contains(a.sane_geom, b.the_geom)
   )
   where geo.entity_id = %nid% 
   GROUP BY a.gid, a.name, a.stcofips, a.sane_geom
   ) AS foo USING UNIQUE gid"
   #FILTER "leapyear <> true"
   TEMPLATE webmap.html
   #MINSCALE 1000
   #MAXSCALE 50000
   #LABELITEM  proj_gw_in_yr
   CLASS
      NAME "Less than 0.25 MGY/sqmi"
      EXPRESSION  ( ( [proj_gw_in_yr] >= 0.0 ) and ( [proj_gw_in_yr] < 0.25 ) )
      COLOR 220 220 220
      BACKGROUNDCOLOR 0 0 0
      OUTLINECOLOR 0 0 0
      LABEL
        COLOR 132 31 31
        TYPE TRUETYPE
        FONT arial
        SIZE 8
        ANTIALIAS TRUE
        POSITION CC
        PARTIALS FALSE
        MINDISTANCE 8000
      END
   END
   CLASS
      NAME "Between 0.25 to 0.5 MGY/sqmi"
      EXPRESSION ( ( [proj_gw_in_yr] >= 0.25 ) and ( [proj_gw_in_yr] < 0.5 ) )
      COLOR 194 158 215
      BACKGROUNDCOLOR 0 0 0
      OUTLINECOLOR 0 0 0
      LABEL
        COLOR 132 31 31
        TYPE TRUETYPE
        FONT arial
        SIZE 8
        ANTIALIAS TRUE
        POSITION CC
        PARTIALS FALSE
        MINDISTANCE 8000
      END
   END
   CLASS
      NAME "Between 0.5 to 1.0 MGY/sqmi"
      EXPRESSION ( ( [proj_gw_in_yr] >= 0.5 ) and ( [proj_gw_in_yr] < 1.0 ) )
      COLOR 255 211 127
      BACKGROUNDCOLOR 0 0 0
      OUTLINECOLOR 0 0 0
      LABEL
        COLOR 132 31 31
        TYPE TRUETYPE
        FONT arial
        SIZE 8
        ANTIALIAS TRUE
        POSITION CC
        PARTIALS FALSE
        MINDISTANCE 8000
      END
   END
   CLASS
      NAME "Greater than 1.0 MGY/sqmi"
      EXPRESSION ( ( [proj_gw_in_yr] >= 1.0 ) )
      COLOR 205 102 102
      BACKGROUNDCOLOR 0 0 0
      OUTLINECOLOR 0 0 0
      LABEL
        COLOR 132 31 31
        TYPE TRUETYPE
        FONT arial
        SIZE 8
        ANTIALIAS TRUE
        POSITION CC
        PARTIALS FALSE
        MINDISTANCE 8000
      END
   END
   CLASS
      NAME "Undefined"
      BACKGROUNDCOLOR 255 255 255
      OUTLINECOLOR 0 0 0
      STYLE
        SYMBOL "hatch-simple"
        COLOR 67 66 81
        SIZE 8
        width 3
        ANGLE 45
        OPACITY 100
      END # STYLE
      LABEL
        COLOR 132 31 31
        TYPE TRUETYPE
        FONT arial
        SIZE 8
        ANTIALIAS TRUE
        POSITION CC
        PARTIALS FALSE
        MINDISTANCE 8000
      END
   END
   TOLERANCE 10
   PROJECTION
   # EPSG SRID = 4326
     "init=epsg:4326"
   END
END

LAYER
   NAME model_run_compare_10pct
   METADATA
      "wfs_title"    "Model Run Comparison Info" ## REQUIRED
      "wfs_srs"           "EPSG:4326" ## REQUIRED
      "gml_featureid" "elementid" ## REQUIRED
      "gml_include_items" "all"  ## Optional (serves all attributes for layer)
	   "gml_delta_pct_type" "double"
	   "gml_dataval_run1_type" "double"
	   "gml_dataval_run2_type" "double"
	   "gml_run1_id_type" "integer"
	   "gml_run2_id_type" "integer"
	   "gml_delta_pct_type" "double"
      "wfs_enable_request_type" "*"
	   "wfs_version" "1.0.0"
   END
   VALIDATION
   END
   CONNECTIONTYPE postgis
   CONNECTION "host=192.168.0.20 user=wsp_ro password=314159 dbname=drupal715"
   TYPE POLYGON
   STATUS OFF
   DUMP TRUE
   DEBUG OFF
   DATA "the_geom FROM (
      select a.elementid, cbp.the_geom, cbp.riverseg, 
         a.run1_id, a.dataname, a.dataval_run1, a.run2_id, a.dataval_run2, 
         CASE 
            WHEN a.delta_pct is NUll THEN -99999 
            ELSE a.delta_pct
         END as delta_pct
      from cache_geofield_coverage_wkt as geo
      left outer join cbp53_dd as cbp 
      on (
         geo.the_geom && cbp.the_geom 
         and contains(geo.the_geom, ST_PointOnSurface(cbp.the_geom) ) 
      )
      left outer join cache_om_model_run_compare as a 
      on ( a.riverseg = cbp.riverseg 
         and a.run1_id = %runid1%
         and a.dataname = '%dataname1%'
         and a.run2_id = %runid2%
         and a.riverseg is not null 
         and (
            (a.riverseg not like '%0000%')
            OR 
            ( %nontidal% = 0 )
         )
         and (
            (a.riverseg  not like '%excludepat%%')
            OR 
            ( '%excludepat%' = '' )
         )
      )
      where geo.entity_id = %nid% 
      order by cbp.riverseg 
   ) AS foo USING UNIQUE elementid"
   TEMPLATE webmap.html
   #LABELITEM "riverseg"
   #MINSCALE 1000
   #MAXSCALE 50000
   CLASS
      NAME "More than -10%"
      EXPRESSION ( ([delta_pct] < -0.1) and ([delta_pct] > -99999 ) )
      COLOR 205 102 102
      BACKGROUNDCOLOR 0 0 0
      OUTLINECOLOR 0 0 0
      LABEL
        COLOR 132 31 31
        TYPE TRUETYPE
        FONT arial
        SIZE 8
        ANTIALIAS TRUE
        POSITION CC
        PARTIALS FALSE
        MINDISTANCE 8000
      END
   END
   CLASS
      NAME "-5% to -10%"
      EXPRESSION ( [delta_pct] >= -0.1 and [delta_pct] < -0.05 )
      COLOR 255 211 127
      BACKGROUNDCOLOR 0 0 0
      OUTLINECOLOR 0 0 0
      LABEL
        COLOR 132 31 31
        TYPE TRUETYPE
        FONT arial
        SIZE 8
        ANTIALIAS TRUE
        POSITION CC
        PARTIALS FALSE
        MINDISTANCE 8000
      END
   END
   CLASS
      NAME "-5% to -1%"
      EXPRESSION ( [delta_pct] >= -0.05 and [delta_pct] < -0.01 )
      COLOR 194 158 215
      BACKGROUNDCOLOR 0 0 0
      OUTLINECOLOR 0 0 0
      LABEL
        COLOR 132 31 31
        TYPE TRUETYPE
        FONT arial
        SIZE 8
        ANTIALIAS TRUE
        POSITION CC
        PARTIALS FALSE
        MINDISTANCE 8000
      END
   END
   CLASS
      NAME " +/- 1%"
      EXPRESSION ( [delta_pct] >= -0.01 and [delta_pct] < 0.01 )
      COLOR 220 220 220
      BACKGROUNDCOLOR 0 0 0
      OUTLINECOLOR 0 0 0
      LABEL
        COLOR 132 31 31
        TYPE TRUETYPE
        FONT arial
        SIZE 8
        ANTIALIAS TRUE
        POSITION CC
        PARTIALS FALSE
        MINDISTANCE 8000
      END
   END
   CLASS
      NAME "+1% to +10%"
      EXPRESSION ( [delta_pct] >= 0.01 and [delta_pct] < 0.1 )
      COLOR 102 153 205
      BACKGROUNDCOLOR 0 0 0
      OUTLINECOLOR 0 0 0
      LABEL
        COLOR 132 31 31
        TYPE TRUETYPE
        FONT arial
        SIZE 8
        ANTIALIAS TRUE
        POSITION CC
        PARTIALS FALSE
        MINDISTANCE 8000
      END
   END
   CLASS
      NAME "Greater than +10%"
      EXPRESSION ( [delta_pct] >= 0.1 )
      COLOR 171 205 102
      BACKGROUNDCOLOR 0 0 0
      OUTLINECOLOR 0 0 0
      LABEL
        COLOR 132 31 31
        TYPE TRUETYPE
        FONT arial
        SIZE 8
        ANTIALIAS TRUE
        POSITION CC
        PARTIALS FALSE
        MINDISTANCE 8000
      END
   END
   CLASS
      NAME "Undefined"
      BACKGROUNDCOLOR 255 255 255
      OUTLINECOLOR 0 0 0
      STYLE
        SYMBOL "hatch-simple"
        COLOR 67 66 81
        SIZE 8
        width 3
        ANGLE 45
        OPACITY 100
      END # STYLE
      LABEL
        COLOR 132 31 31
        TYPE TRUETYPE
        FONT arial
        SIZE 8
        ANTIALIAS TRUE
        POSITION CC
        PARTIALS FALSE
        MINDISTANCE 8000
      END
   END
   TOLERANCE 10
   PROJECTION
   # EPSG SRID = 4326
     "init=epsg:4326"
   END
END


LAYER
   NAME model_run_compare_100pct
   METADATA
      "wfs_title"    "Model Run Comparison Info" ## REQUIRED
      "wfs_srs"           "EPSG:4326" ## REQUIRED
      "gml_featureid" "elementid" ## REQUIRED
      "gml_include_items" "all"  ## Optional (serves all attributes for layer)
	   "gml_delta_pct_type" "double"
	   "gml_dataval_run1_type" "double"
	   "gml_dataval_run2_type" "double"
	   "gml_run1_id_type" "integer"
	   "gml_run2_id_type" "integer"
	   "gml_delta_pct_type" "double"
      "wfs_enable_request_type" "*"
	   "wfs_version" "1.0.0"
   END
   VALIDATION
   END
   CONNECTIONTYPE postgis
   CONNECTION "host=192.168.0.20 user=wsp_ro password=314159 dbname=drupal715"
   TYPE POLYGON
   STATUS OFF
   DUMP TRUE
   DEBUG ON
   DATA "the_geom FROM (
      select a.elementid, cbp.the_geom, cbp.riverseg, 
         a.run1_id, a.dataname, a.dataval_run1, a.run2_id, a.dataval_run2, 
         CASE 
            WHEN a.delta_pct is NUll THEN -99999 
            ELSE 100.0 * a.delta_pct
         END as delta_pct
      from cache_geofield_coverage_wkt as geo
      left outer join cbp53_dd as cbp 
      on (
         geo.the_geom && cbp.the_geom 
         and contains(geo.the_geom, ST_PointOnSurface(cbp.the_geom) ) 
      )
      left outer join cache_om_model_run_compare as a 
      on ( a.riverseg = cbp.riverseg 
         and a.run1_id = %runid1%
         and a.dataname = '%dataname1%'
         and a.run2_id = %runid2%
         and a.riverseg is not null 
      )
      where geo.entity_id = %nid% 
      order by cbp.riverseg 
   ) AS foo USING UNIQUE elementid"
   TEMPLATE webmap.html
   #LABELITEM "riverseg"
   #MINSCALE 1000
   #MAXSCALE 50000
   CLASS
      EXPRESSION ( [delta_pct] >= 0.0 and [delta_pct] < 10.0 )
      NAME "0% to 10.0%"
      COLOR 223 223 226
      BACKGROUNDCOLOR 0 0 0
      OUTLINECOLOR 0 0 0
      LABEL
        COLOR 132 31 31
        TYPE TRUETYPE
        FONT arial
        SIZE 8
        ANTIALIAS TRUE
        POSITION CC
        PARTIALS FALSE
        MINDISTANCE 8000
      END
   END
   CLASS
      EXPRESSION ( [delta_pct] > 10.0 and [delta_pct] < 25.0 )
      NAME "10.0% to 25.0%"
      COLOR 192 192 197
      BACKGROUNDCOLOR 0 0 0
      OUTLINECOLOR 0 0 0
      LABEL
        COLOR 132 31 31
        TYPE TRUETYPE
        FONT arial
        SIZE 8
        ANTIALIAS TRUE
        POSITION CC
        PARTIALS FALSE
        MINDISTANCE 8000
      END
   END
   CLASS
      EXPRESSION ( [delta_pct] > 25.0 and [delta_pct] < 50.0 )
      NAME "25.0% to 50.0%"
      COLOR 161 160 168
      BACKGROUNDCOLOR 0 0 0
      OUTLINECOLOR 0 0 0
      LABEL
        COLOR 132 31 31
        TYPE TRUETYPE
        FONT arial
        SIZE 8
        ANTIALIAS TRUE
        POSITION CC
        PARTIALS FALSE
        MINDISTANCE 8000
      END
   END
   CLASS
      EXPRESSION ( [delta_pct] > 50.0 and [delta_pct] < 75.0 )
      NAME "50.0% to 75.0%"
      COLOR 129 129 139
      BACKGROUNDCOLOR 0 0 0
      OUTLINECOLOR 0 0 0
      LABEL
        COLOR 132 31 31
        TYPE TRUETYPE
        FONT arial
        SIZE 8
        ANTIALIAS TRUE
        POSITION CC
        PARTIALS FALSE
        MINDISTANCE 8000
      END
   END
   CLASS
      EXPRESSION ( [delta_pct] > 75.0 and [delta_pct] < 100.0 )
      NAME "75.0% to 100.0%"
      COLOR 98 97 110
      BACKGROUNDCOLOR 0 0 0
      OUTLINECOLOR 0 0 0
      LABEL
        COLOR 132 31 31
        TYPE TRUETYPE
        FONT arial
        SIZE 8
        ANTIALIAS TRUE
        POSITION CC
        PARTIALS FALSE
        MINDISTANCE 8000
      END
   END
   CLASS
      EXPRESSION ( [delta_pct] > 100.0 )
      NAME "Greater than 100.0"
      COLOR 67 66 81
      BACKGROUNDCOLOR 0 0 0
      OUTLINECOLOR 0 0 0
      LABEL
        COLOR 132 31 31
        TYPE TRUETYPE
        FONT arial
        SIZE 8
        ANTIALIAS TRUE
        POSITION CC
        PARTIALS FALSE
        MINDISTANCE 8000
      END
   END
   CLASS
      NAME "Undefined"
      BACKGROUNDCOLOR 255 255 255
      OUTLINECOLOR 0 0 0
      STYLE
        SYMBOL "hatch-simple"
        COLOR 132 31 31
        SIZE 10
        width 3
        ANGLE 45
        OPACITY 100
      END # STYLE
      LABEL
        COLOR 132 31 31
        TYPE TRUETYPE
        FONT arial
        SIZE 8
        ANTIALIAS TRUE
        POSITION CC
        PARTIALS FALSE
        MINDISTANCE 8000
      END
   END
   TOLERANCE 10
   PROJECTION
   # EPSG SRID = 4326
     "init=epsg:4326"
   END
END



LAYER
   NAME model_huc_delta_distro_10pct
   METADATA
      "wfs_title"    "Model Run Comparison Info" ## REQUIRED
      "wfs_srs"           "EPSG:4326" ## REQUIRED
      "gml_featureid" "elementid" ## REQUIRED
      "gml_include_items" "all"  ## Optional (serves all attributes for layer)
	   "gml_delta_pct_type" "double"
	   "gml_dataval_run1_type" "double"
	   "gml_dataval_run2_type" "double"
	   "gml_run1_id_type" "integer"
	   "gml_run2_id_type" "integer"
	   "gml_delta_pct_type" "double"
      "wfs_enable_request_type" "*"
	   "wfs_version" "1.0.0"
   END
   VALIDATION
   END
   CONNECTIONTYPE postgis
   CONNECTION "host=192.168.0.20 user=wsp_ro password=314159 dbname=drupal715"
   TYPE POLYGON
   STATUS OFF
   DUMP TRUE
   DEBUG ON
   DATA "the_geom FROM (
      select huc.gid, huc.the_geom, 
         a.run1_id, a.dataname, a.run2_id, 
         CASE 
            WHEN avg(a.delta_pct) is NUll THEN -99999 
            ELSE r_quantile(array_accum(a.delta_pct), 0.5)
         END as median_delta, 
         CASE 
            WHEN avg(a.delta_pct) is NUll THEN -99999 
            ELSE min(a.delta_pct)
         END as min_delta, 
         CASE 
            WHEN avg(a.delta_pct) is NUll THEN -99999 
            ELSE r_quantile(array_accum(a.delta_pct), 0.1)
         END as pct10_delta
      from huc_va_single as huc 
      left outer join cbp53_dd as cbp 
      on (
         huc.the_geom && cbp.the_geom 
         and contains(huc.the_geom, ST_PointOnSurface(cbp.the_geom) ) 
         and (
            (cbp.riverseg not like '%0000%')
            OR
            ( 1 = 0 )
         )
         and (
            (cbp.riverseg  not like '%')
            OR
            ( '' = '' )
         )
      )
      left outer join cache_om_model_run_compare as a 
      on ( a.riverseg = cbp.riverseg 
         and a.run1_id = %runid1%
         and a.dataname = '%dataname1%'
         and a.run2_id = %runid2%
         and a.riverseg is not null 
         and (
            (a.riverseg not like '%0000%')
            OR 
            ( %nontidal% = 0 )
         )
         and (
            (a.riverseg  not like '%excludepat%%')
            OR 
            ( '%excludepat%' = '' )
         )
      )
      where geo.entity_id = %nid% 
      group by huc.gid, huc.the_geom, 
         a.run1_id, a.dataname, a.run2_id 
   ) AS foo USING UNIQUE gid"
   TEMPLATE webmap.html
   #LABELITEM "riverseg"
   #MINSCALE 1000
   #MAXSCALE 50000
   CLASS
      NAME "More than -10%"
      EXPRESSION ( ([min_delta] < -0.1) and ([min_delta] > -99999 ) )
      COLOR 205 102 102
      BACKGROUNDCOLOR 0 0 0
      OUTLINECOLOR 0 0 0
      LABEL
        COLOR 132 31 31
        TYPE TRUETYPE
        FONT arial
        SIZE 8
        ANTIALIAS TRUE
        POSITION CC
        PARTIALS FALSE
        MINDISTANCE 8000
      END
   END
   CLASS
      NAME "-5% to -10%"
      EXPRESSION ( [min_delta] >= -0.1 and [min_delta] < -0.05 )
      COLOR 255 211 127
      BACKGROUNDCOLOR 0 0 0
      OUTLINECOLOR 0 0 0
      LABEL
        COLOR 132 31 31
        TYPE TRUETYPE
        FONT arial
        SIZE 8
        ANTIALIAS TRUE
        POSITION CC
        PARTIALS FALSE
        MINDISTANCE 8000
      END
   END
   CLASS
      NAME "-5% to -1%"
      EXPRESSION ( [min_delta] >= -0.05 and [min_delta] < -0.01 )
      COLOR 194 158 215
      BACKGROUNDCOLOR 0 0 0
      OUTLINECOLOR 0 0 0
      LABEL
        COLOR 132 31 31
        TYPE TRUETYPE
        FONT arial
        SIZE 8
        ANTIALIAS TRUE
        POSITION CC
        PARTIALS FALSE
        MINDISTANCE 8000
      END
   END
   CLASS
      NAME " +/- 1%"
      EXPRESSION ( [min_delta] >= -0.01 and [min_delta] < 0.01 )
      COLOR 220 220 220
      BACKGROUNDCOLOR 0 0 0
      OUTLINECOLOR 0 0 0
      LABEL
        COLOR 132 31 31
        TYPE TRUETYPE
        FONT arial
        SIZE 8
        ANTIALIAS TRUE
        POSITION CC
        PARTIALS FALSE
        MINDISTANCE 8000
      END
   END
   CLASS
      NAME "+1% to +10%"
      EXPRESSION ( [min_delta] >= 0.01 and [min_delta] < 0.1 )
      COLOR 102 153 205
      BACKGROUNDCOLOR 0 0 0
      OUTLINECOLOR 0 0 0
      LABEL
        COLOR 132 31 31
        TYPE TRUETYPE
        FONT arial
        SIZE 8
        ANTIALIAS TRUE
        POSITION CC
        PARTIALS FALSE
        MINDISTANCE 8000
      END
   END
   CLASS
      NAME "Greater than +10%"
      EXPRESSION ( [min_delta] >= 0.1 )
      COLOR 171 205 102
      BACKGROUNDCOLOR 0 0 0
      OUTLINECOLOR 0 0 0
      LABEL
        COLOR 132 31 31
        TYPE TRUETYPE
        FONT arial
        SIZE 8
        ANTIALIAS TRUE
        POSITION CC
        PARTIALS FALSE
        MINDISTANCE 8000
      END
   END
   CLASS
      NAME "Undefined"
      BACKGROUNDCOLOR 255 255 255
      OUTLINECOLOR 0 0 0
      STYLE
        SYMBOL "hatch-simple"
        COLOR 67 66 81
        SIZE 8
        width 3
        ANGLE 45
        OPACITY 100
      END # STYLE
      LABEL
        COLOR 132 31 31
        TYPE TRUETYPE
        FONT arial
        SIZE 8
        ANTIALIAS TRUE
        POSITION CC
        PARTIALS FALSE
        MINDISTANCE 8000
      END
   END
   TOLERANCE 10
   PROJECTION
   # EPSG SRID = 4326
     "init=epsg:4326"
   END
END


LAYER
   NAME model_run_compare_magnitudes
   METADATA
      "wfs_title"    "Model Run Comparison Info" ## REQUIRED
      "wfs_srs"           "EPSG:4326" ## REQUIRED
      "gml_featureid" "elementid" ## REQUIRED
      "gml_include_items" "all"  ## Optional (serves all attributes for layer)
	   "gml_delta_pct_type" "double"
	   "gml_dataval_run1_type" "double"
	   "gml_dataval_run2_type" "double"
	   "gml_run1_id_type" "integer"
	   "gml_run2_id_type" "integer"
	   "gml_delta_pct_type" "double"
      "wfs_enable_request_type" "*"
	   "wfs_version" "1.0.0"
   END
   VALIDATION
   END
   CONNECTIONTYPE postgis
   CONNECTION "host=192.168.0.20 user=wsp_ro password=314159 dbname=drupal715"
   TYPE POLYGON
   STATUS OFF
   DUMP TRUE
   DEBUG OFF
   DATA "the_geom FROM (
      select a.elementid, cbp.the_geom, cbp.riverseg, 
         a.run1_id, a.dataname, a.dataval_run1, a.run2_id, a.dataval_run2, a.delta_pct   
      from cache_geofield_coverage_wkt as geo
      left outer join cbp53_dd as cbp 
      on (
         geo.the_geom && cbp.the_geom 
         and contains(geo.the_geom, ST_PointOnSurface(cbp.the_geom) ) 
      )
      left outer join cache_om_model_run_compare as a 
      on ( a.riverseg = cbp.riverseg 
         and a.run1_id = %runid1%
         and a.dataname = '%dataname1%'
         and a.run2_id = %runid2%
      )
      where geo.entity_id = %nid% 
      and a.riverseg is not null 
      order by cbp.riverseg 
   ) AS foo USING UNIQUE elementid"
   TEMPLATE webmap.html
   #LABELITEM "riverseg"
   #MINSCALE 1000
   #MAXSCALE 50000
   CLASS
      NAME "20% or Greater"
      EXPRESSION ( [delta_pct] >= 20.0 )
      COLOR 205 102 102
      BACKGROUNDCOLOR 0 0 0
      OUTLINECOLOR 0 0 0
      LABEL
        COLOR 132 31 31
        TYPE TRUETYPE
        FONT arial
        SIZE 8
        ANTIALIAS TRUE
        POSITION CC
        PARTIALS FALSE
        MINDISTANCE 8000
      END
   END
   CLASS
      NAME "Between 10% and 20%"
      EXPRESSION ( [delta_pct] >= 10.0 and [delta_pct] < 20.0 )
      COLOR 249 249 170
      BACKGROUNDCOLOR 0 0 0
      OUTLINECOLOR 0 0 0
      LABEL
        COLOR 132 31 31
        TYPE TRUETYPE
        FONT arial
        SIZE 8
        ANTIALIAS TRUE
        POSITION CC
        PARTIALS FALSE
        MINDISTANCE 8000
      END
   END
   CLASS
      NAME "Less than 10%"
      EXPRESSION ( [delta_pct] < 10.0 )
      COLOR 74 169 87
      BACKGROUNDCOLOR 0 0 0
      OUTLINECOLOR 0 0 0
      LABEL
        COLOR 132 31 31
        TYPE TRUETYPE
        FONT arial
        SIZE 8
        ANTIALIAS TRUE
        POSITION CC
        PARTIALS FALSE
        MINDISTANCE 8000
      END
   END
   TOLERANCE 10
   PROJECTION
   # EPSG SRID = 4326
     "init=epsg:4326"
   END
END


LAYER
   NAME model_run_compare_abs50
   METADATA
      "wfs_title"    "Model Run Comparison Info" ## REQUIRED
      "wfs_srs"           "EPSG:4326" ## REQUIRED
      "gml_featureid" "elementid" ## REQUIRED
      "gml_include_items" "all"  ## Optional (serves all attributes for layer)
	   "gml_delta_pct_type" "double"
	   "gml_dataval_run1_type" "double"
	   "gml_dataval_run2_type" "double"
	   "gml_run1_id_type" "integer"
	   "gml_run2_id_type" "integer"
	   "gml_delta_pct_type" "double"
      "wfs_enable_request_type" "*"
	   "wfs_version" "1.0.0"
   END
   VALIDATION
   END
   CONNECTIONTYPE postgis
   CONNECTION "host=192.168.0.20 user=wsp_ro password=314159 dbname=drupal715"
   TYPE POLYGON
   STATUS OFF
   DUMP TRUE
   DEBUG OFF
   DATA "the_geom FROM (
      select a.elementid, cbp.the_geom, cbp.riverseg, 
         a.run1_id, a.dataname, a.dataval_run1, a.run2_id, a.dataval_run2, a.delta_pct, 
         (a.dataval_run2 - a.dataval_run1) as deltaval          
      from cache_geofield_coverage_wkt as geo
      left outer join cbp53_dd as cbp 
      on (
         geo.the_geom && cbp.the_geom 
         and contains(geo.the_geom, ST_PointOnSurface(cbp.the_geom) ) 
      )
      left outer join cache_om_model_run_compare as a 
      on ( a.riverseg = cbp.riverseg 
         and a.run1_id = %runid1%
         and a.dataname = '%dataname1%'
         and a.run2_id = %runid2%
      )
      where geo.entity_id = %nid% 
      and a.riverseg is not null 
      order by cbp.riverseg 
   ) AS foo USING UNIQUE elementid"
   TEMPLATE webmap.html
   #LABELITEM "riverseg"
   #MINSCALE 1000
   #MAXSCALE 50000
   CLASS
      EXPRESSION ( [deltaval] >= 0.0 and [deltaval] < 2.0 )
      NAME "0 to 2.0"
      COLOR 223 223 226
      BACKGROUNDCOLOR 0 0 0
      OUTLINECOLOR 0 0 0
      LABEL
        COLOR 132 31 31
        TYPE TRUETYPE
        FONT arial
        SIZE 8
        ANTIALIAS TRUE
        POSITION CC
        PARTIALS FALSE
        MINDISTANCE 8000
      END
   END
   CLASS
      EXPRESSION ( [deltaval] >= 2.0 and [deltaval] < 5.0 )
      NAME "2.0 to 5.0"
      COLOR 192 192 197
      BACKGROUNDCOLOR 0 0 0
      OUTLINECOLOR 0 0 0
      LABEL
        COLOR 132 31 31
        TYPE TRUETYPE
        FONT arial
        SIZE 8
        ANTIALIAS TRUE
        POSITION CC
        PARTIALS FALSE
        MINDISTANCE 8000
      END
   END
   CLASS
      EXPRESSION ( [deltaval] >= 5.0 and [deltaval] < 10.0 )
      NAME "5.0 to 10.0"
      COLOR 161 160 168
      BACKGROUNDCOLOR 0 0 0
      OUTLINECOLOR 0 0 0
      LABEL
        COLOR 132 31 31
        TYPE TRUETYPE
        FONT arial
        SIZE 8
        ANTIALIAS TRUE
        POSITION CC
        PARTIALS FALSE
        MINDISTANCE 8000
      END
   END
   CLASS
      EXPRESSION ( [deltaval] >= 10.0 and [deltaval] < 15.0 )
      NAME "10.0 to 15.0"
      COLOR 129 129 139
      BACKGROUNDCOLOR 0 0 0
      OUTLINECOLOR 0 0 0
      LABEL
        COLOR 132 31 31
        TYPE TRUETYPE
        FONT arial
        SIZE 8
        ANTIALIAS TRUE
        POSITION CC
        PARTIALS FALSE
        MINDISTANCE 8000
      END
   END
   CLASS
      EXPRESSION ( [deltaval] >= 15.0 and [deltaval] < 20.0 )
      NAME "15.0 to 20.0"
      COLOR 98 97 110
      BACKGROUNDCOLOR 0 0 0
      OUTLINECOLOR 0 0 0
      LABEL
        COLOR 132 31 31
        TYPE TRUETYPE
        FONT arial
        SIZE 8
        ANTIALIAS TRUE
        POSITION CC
        PARTIALS FALSE
        MINDISTANCE 8000
      END
   END
   CLASS
      EXPRESSION ( [deltaval] > 20.0 )
      NAME "Greater than 20.0"
      COLOR 67 66 81
      BACKGROUNDCOLOR 0 0 0
      OUTLINECOLOR 0 0 0
      LABEL
        COLOR 132 31 31
        TYPE TRUETYPE
        FONT arial
        SIZE 8
        ANTIALIAS TRUE
        POSITION CC
        PARTIALS FALSE
        MINDISTANCE 8000
      END
   END
   CLASS
      NAME "Decrease or Undefined"
      BACKGROUNDCOLOR 255 255 255
      OUTLINECOLOR 0 0 0
      STYLE
        SYMBOL "hatch-simple"
        COLOR 67 66 81
        SIZE 10
        width 3
        ANGLE 45
        OPACITY 100
      END # STYLE
      LABEL
        COLOR 132 31 31
        TYPE TRUETYPE
        FONT arial
        SIZE 8
        ANTIALIAS TRUE
        POSITION CC
        PARTIALS FALSE
        MINDISTANCE 8000
      END
   END
   TOLERANCE 10
   PROJECTION
   # EPSG SRID = 4326
     "init=epsg:4326"
   END
END

LAYER
   NAME coverage_system_info
   METADATA
      "wfs_title"    "Water Supply Plan System Information" ## REQUIRED
      "wfs_srs"           "EPSG:4326" ## REQUIRED
      "gml_featureid" "system_nid" ## REQUIRED
      "gml_include_items" "all"  ## Optional (serves all attributes for layer)
      "wfs_enable_request" "*"
	   "gml_current_mgy_type" "double"
	   "gml_current_max_mgd_type" "double"
	   "gml_proj_use_mgy_type" "double"
	   "gml_proj_year_type" "integer"
	   "gml_sw_num_src_type" "integer"
	   "gml_sw_dc_max_mgd_type" "double"
	   "gml_sw_dc_avg_mgd_type" "double"
	   "gml_sw_perm_max_mgy_type" "double"
	   "gml_sw_bg_mgd_type" "double"
	   "gml_gw_num_src_type" "integer"
	   "gml_gw_dc_max_mgd_type" "double"
	   "gml_gw_dc_avg_mgd_type" "double"
	   "gml_gw_perm_max_mgy_type" "double"
	   "gml_gw_bg_mgd_type" "double"
	   "gml_pw_num_src_type" "integer"
	   "gml_pw_dc_max_mgd_type" "double"
	   "gml_pw_dc_avg_mgd_type" "double"
	   "gml_pw_perm_max_mgy_type" "double"
	   "gml_pw_bg_mgd_type" "double"
   END
   #GROUP vwuds_max
   CONNECTIONTYPE postgis
   CONNECTION "host=192.168.0.20 user=wsp_ro password=314159 dbname=drupal715"
   TYPE POINT
   STATUS OFF
   DUMP TRUE
   DEBUG OFF
   DATA "the_geom FROM (select geo.entity_id, sys.* 
      from cache_geofield_coverage_wkt as geo
      left outer join wsp_sysloc_cache as sys
      on (
         geo.the_geom && sys.the_geom 
         and contains(geo.the_geom, sys.the_geom ) 
      )
      where geo.entity_id = %nid% 
      ) AS foo USING UNIQUE system_nid"
   #FILTER "leapyear <> true"
   TEMPLATE drought.html
   #MINSCALE 1000
   #MAXSCALE 50000
   CLASS
      SYMBOL 'circle'
      SIZE 11
      NAME "Water Users"
      COLOR 245 245 245
      BACKGROUNDCOLOR 245 245 245
      OUTLINECOLOR 0 0 0
   END
   TOLERANCE 10
   PROJECTION
   # EPSG SRID = 4326
     "init=epsg:4326"
   END
END


LAYER
   NAME coverage_system_scaled
   METADATA
      "wfs_title"    "Water Supply Plan System Information" ## REQUIRED
      "wfs_srs"           "EPSG:4326" ## REQUIRED
      "gml_featureid" "system_nid" ## REQUIRED
      "gml_include_items" "all"  ## Optional (serves all attributes for layer)
      "wfs_enable_request" "*"
	   "gml_current_mgy_type" "double"
	   "gml_current_max_mgd_type" "double"
	   "gml_proj_use_mgy_type" "double"
	   "gml_proj_year_type" "integer"
	   "gml_sw_num_src_type" "integer"
	   "gml_sw_dc_max_mgd_type" "double"
	   "gml_sw_dc_avg_mgd_type" "double"
	   "gml_sw_perm_max_mgy_type" "double"
	   "gml_sw_bg_mgd_type" "double"
	   "gml_gw_num_src_type" "integer"
	   "gml_gw_dc_max_mgd_type" "double"
	   "gml_gw_dc_avg_mgd_type" "double"
	   "gml_gw_perm_max_mgy_type" "double"
	   "gml_gw_bg_mgd_type" "double"
	   "gml_pw_num_src_type" "integer"
	   "gml_pw_dc_max_mgd_type" "double"
	   "gml_pw_dc_avg_mgd_type" "double"
	   "gml_pw_perm_max_mgy_type" "double"
	   "gml_pw_bg_mgd_type" "double"
   END
   #GROUP vwuds_max
   CONNECTIONTYPE postgis
   CONNECTION "host=192.168.0.20 user=wsp_ro password=314159 dbname=drupal715"
   TYPE POINT
   STATUS off
   DUMP TRUE
   DEBUG OFF
   DATA "the_geom FROM (select geo.entity_id, sys.*, (4 * ceil(sqrt(0.5 + (sys.current_mgy / 365.0)))) as curr_scale 
            
      from cache_geofield_coverage_wkt as geo
      left outer join wsp_sysloc_cache as sys
      on (
         geo.the_geom && sys.the_geom 
         and contains(geo.the_geom, sys.the_geom ) 
      )
      where geo.entity_id = %nid% 
      ) AS foo USING UNIQUE system_nid"
   #FILTER "leapyear <> true"
   TEMPLATE drought.html
   #MINSCALE 1000
   #MAXSCALE 50000
   CLASS
      STYLE
         SYMBOL 'circle'
         SIZE [curr_scale]
         COLOR 245 245 245
         BACKGROUNDCOLOR 245 245 245
         OUTLINECOLOR 0 0 0
      END
      NAME "Withdrawals"
   END
   TOLERANCE 10
   PROJECTION
   # EPSG SRID = 4326
     "init=epsg:4326"
   END
END


LAYER
   NAME coverage_system_scaled_absolute
   METADATA
      "wfs_title"    "Water Supply Plan System Information" ## REQUIRED
      "wfs_srs"           "EPSG:4326" ## REQUIRED
      "gml_featureid" "system_nid" ## REQUIRED
      "gml_include_items" "all"  ## Optional (serves all attributes for layer)
      "wfs_enable_request" "*"
	   "gml_current_mgy_type" "double"
	   "gml_current_max_mgd_type" "double"
	   "gml_proj_use_mgy_type" "double"
	   "gml_proj_year_type" "integer"
	   "gml_sw_num_src_type" "integer"
	   "gml_sw_dc_max_mgd_type" "double"
	   "gml_sw_dc_avg_mgd_type" "double"
	   "gml_sw_perm_max_mgy_type" "double"
	   "gml_sw_bg_mgd_type" "double"
	   "gml_gw_num_src_type" "integer"
	   "gml_gw_dc_max_mgd_type" "double"
	   "gml_gw_dc_avg_mgd_type" "double"
	   "gml_gw_perm_max_mgy_type" "double"
	   "gml_gw_bg_mgd_type" "double"
	   "gml_pw_num_src_type" "integer"
	   "gml_pw_dc_max_mgd_type" "double"
	   "gml_pw_dc_avg_mgd_type" "double"
	   "gml_pw_perm_max_mgy_type" "double"
	   "gml_pw_bg_mgd_type" "double"
   END
   #GROUP vwuds_max
   CONNECTIONTYPE postgis
   CONNECTION "host=192.168.0.20 user=wsp_ro password=314159 dbname=drupal715"
   TYPE POINT
   STATUS off
   DUMP TRUE
   DEBUG OFF
   DATA "the_geom FROM (select geo.entity_id, sys.system_nid, sys.the_geom,
      CASE 
         WHEN sys.proj_use_mgd is NULL THEN 0.0 
         ELSE sys.proj_use_mgd
      END as proj_use_mgd 
      from cache_geofield_coverage_wkt as geo
      left outer join wsp_sysloc_cache as sys
      on (
         geo.the_geom && sys.the_geom 
         and contains(geo.the_geom, sys.the_geom ) 
      )
      where geo.entity_id = %nid% 
      ) AS foo USING UNIQUE system_nid"
   #FILTER "leapyear <> true"
   TEMPLATE drought.html
   #MINSCALE 1000
   #MAXSCALE 50000
   CLASS
      NAME "Less than 1.0 MGD"
      EXPRESSION ( [proj_use_mgd] < 1.0 )
      STYLE
         SYMBOL 'circle'
         SIZE 4
         COLOR 245 245 245
         BACKGROUNDCOLOR 245 245 245
         OUTLINECOLOR 0 0 0
      END
   END
   CLASS
      NAME "1 - 5 MGD"
      EXPRESSION ( [proj_use_mgd] >= 1.0 and [proj_use_mgd] < 5.0 )
      STYLE
         SYMBOL 'circle'
         SIZE 6
         COLOR 245 245 245
         BACKGROUNDCOLOR 245 245 245
         OUTLINECOLOR 0 0 0
      END
   END
   CLASS
      NAME "5 - 15 MGD"
      EXPRESSION ( [proj_use_mgd] >= 5.0 and [proj_use_mgd] < 15.0 )
      STYLE
         SYMBOL 'circle'
         SIZE 12
         COLOR 245 245 245
         BACKGROUNDCOLOR 245 245 245
         OUTLINECOLOR 0 0 0
      END
   END
   CLASS
      NAME "15 - 30 MGD"
      EXPRESSION ( [proj_use_mgd] >= 15.0 and [proj_use_mgd] < 30.0 )
      STYLE
         SYMBOL 'circle'
         SIZE 16
         COLOR 245 245 245
         BACKGROUNDCOLOR 245 245 245
         OUTLINECOLOR 0 0 0
      END
   END
   CLASS
      NAME "> 30 MGD"
      EXPRESSION ( [proj_use_mgd] >= 30.0 )
      STYLE
         SYMBOL 'circle'
         SIZE 20
         COLOR 245 245 245
         BACKGROUNDCOLOR 245 245 245
         OUTLINECOLOR 0 0 0
      END
   END
   TOLERANCE 10
   PROJECTION
   # EPSG SRID = 4326
     "init=epsg:4326"
   END
END



LAYER
   NAME model_run_info_abs100
   METADATA
      "wfs_title"    "Model Run Status Info 100 scale" ## REQUIRED
      "wfs_srs"           "EPSG:4326" ## REQUIRED
      "gml_featureid" "elementid" ## REQUIRED
      "gml_include_items" "all"  ## Optional (serves all attributes for layer)
      "wfs_enable_request" "*"
	  "wfs_version" "1.0.0"
   END
   CONNECTIONTYPE postgis
   CONNECTION "host=192.168.0.20 user=wsp_ro password=314159 dbname=drupal715"
   TYPE POLYGON
   STATUS OFF
   DUMP TRUE
   DEBUG OFF
   # Query ties a control point to its parent
   DATA "the_geom FROM (
      select cbp.the_geom, a.elementid, cbp.riverseg, geo.entity_id, 
         a.runid,  '%dataname1%' as dataname, 
         CASE
            WHEN a.dataval is null THEN -99999      
            ELSE round(a.dataval::numeric,1) 
         END as dataval 
      from cache_geofield_coverage_wkt as geo
      left outer join cbp53_dd as cbp 
      on (
         geo.the_geom && cbp.the_geom 
         and contains(geo.the_geom, ST_PointOnSurface(cbp.the_geom) ) 
      )
      left outer join om_model_results as a 
      on ( 
         a.custom2 = cbp.riverseg 
         and a.runid =  %runid1%
         and a.dataname = '%dataname1%'
         and a.custom1 in ('cova_ws_subnodal', 'cova_ws_container')
         and (
            (a.custom2 not like '%0000%')
            OR 
            ( %nontidal% = 0 )
         )
         and (
            (a.custom2  not like '%excludepat%%')
            OR 
            ( '%excludepat%' = '' )
         )
      )
      where geo.entity_id = %nid% 
      order by cbp.riverseg 
   ) AS foo USING UNIQUE elementid"
   #FILTER "scenarioid = %pscen% and runid = %runid1% and dataname = '%dataname1%' "
   TEMPLATE webmap.html
   LABELITEM "dataval"
   #MINSCALE 1000
   #MAXSCALE 50000
   CLASS
      EXPRESSION ( [dataval] >= 0.0 and [dataval] < 5.0 )
      NAME "0 to 10.0"
      COLOR 223 223 226
      BACKGROUNDCOLOR 0 0 0
      OUTLINECOLOR 0 0 0
      LABEL
        COLOR 132 31 31
        TYPE TRUETYPE
        FONT arial
        SIZE 8
        ANTIALIAS TRUE
        POSITION CC
        PARTIALS FALSE
        MINDISTANCE 8000
      END
   END
   CLASS
      EXPRESSION ( [dataval] > 5.0 and [dataval] < 10.0 )
      NAME "10.0 to 25.0"
      COLOR 192 192 197
      BACKGROUNDCOLOR 0 0 0
      OUTLINECOLOR 0 0 0
      LABEL
        COLOR 132 31 31
        TYPE TRUETYPE
        FONT arial
        SIZE 8
        ANTIALIAS TRUE
        POSITION CC
        PARTIALS FALSE
        MINDISTANCE 8000
      END
   END
   CLASS
      EXPRESSION ( [dataval] > 10.0 and [dataval] < 25.0 )
      NAME "25.0 to 50.0"
      COLOR 161 160 168
      BACKGROUNDCOLOR 0 0 0
      OUTLINECOLOR 0 0 0
      LABEL
        COLOR 132 31 31
        TYPE TRUETYPE
        FONT arial
        SIZE 8
        ANTIALIAS TRUE
        POSITION CC
        PARTIALS FALSE
        MINDISTANCE 8000
      END
   END
   CLASS
      EXPRESSION ( [dataval] > 25.0 and [dataval] < 50.0 )
      NAME "50.0 to 100.0"
      COLOR 129 129 139
      BACKGROUNDCOLOR 0 0 0
      OUTLINECOLOR 0 0 0
      LABEL
        COLOR 132 31 31
        TYPE TRUETYPE
        FONT arial
        SIZE 8
        ANTIALIAS TRUE
        POSITION CC
        PARTIALS FALSE
        MINDISTANCE 8000
      END
   END
   CLASS
      EXPRESSION ( [dataval] > 50.0 and [dataval] < 100.0 )
      NAME "100.0 to 200.0"
      COLOR 98 97 110
      BACKGROUNDCOLOR 0 0 0
      OUTLINECOLOR 0 0 0
      LABEL
        COLOR 132 31 31
        TYPE TRUETYPE
        FONT arial
        SIZE 8
        ANTIALIAS TRUE
        POSITION CC
        PARTIALS FALSE
        MINDISTANCE 8000
      END
   END
   CLASS
      EXPRESSION ( [dataval] > 100.0 )
      NAME "Greater than 100.0"
      COLOR 67 66 81
      BACKGROUNDCOLOR 0 0 0
      OUTLINECOLOR 0 0 0
      LABEL
        COLOR 132 31 31
        TYPE TRUETYPE
        FONT arial
        SIZE 8
        ANTIALIAS TRUE
        POSITION CC
        PARTIALS FALSE
        MINDISTANCE 8000
      END
   END
   CLASS
      NAME "Undefined"
      BACKGROUNDCOLOR 255 255 255
      OUTLINECOLOR 0 0 0
      STYLE
        SYMBOL "hatch-simple"
        COLOR 67 66 81
        SIZE 10
        width 3
        ANGLE 45
        OPACITY 100
      END # STYLE
      LABEL
        COLOR 132 31 31
        TYPE TRUETYPE
        FONT arial
        SIZE 8
        ANTIALIAS TRUE
        POSITION CC
        PARTIALS FALSE
        MINDISTANCE 8000
      END
   END
   TOLERANCE 10
   PROJECTION
   # EPSG SRID = 4326
     "init=epsg:4326"
   END
END

LAYER
   NAME coverage_system_capacity_scaled
   METADATA
      "wfs_title"    "Water Supply Plan System Information" ## REQUIRED
      "wfs_srs"           "EPSG:4326" ## REQUIRED
      "gml_featureid" "system_nid" ## REQUIRED
      "gml_include_items" "all"  ## Optional (serves all attributes for layer)
      "wfs_enable_request" "*"
	   "gml_current_mgy_type" "double"
	   "gml_current_max_mgd_type" "double"
	   "gml_proj_use_mgy_type" "double"
	   "gml_proj_year_type" "integer"
	   "gml_sw_num_src_type" "integer"
	   "gml_sw_dc_max_mgd_type" "double"
	   "gml_sw_dc_avg_mgd_type" "double"
	   "gml_sw_perm_max_mgy_type" "double"
	   "gml_sw_bg_mgd_type" "double"
	   "gml_gw_num_src_type" "integer"
	   "gml_gw_dc_max_mgd_type" "double"
	   "gml_gw_dc_avg_mgd_type" "double"
	   "gml_gw_perm_max_mgy_type" "double"
	   "gml_gw_bg_mgd_type" "double"
	   "gml_pw_num_src_type" "integer"
	   "gml_pw_dc_max_mgd_type" "double"
	   "gml_pw_dc_avg_mgd_type" "double"
	   "gml_pw_perm_max_mgy_type" "double"
	   "gml_pw_bg_mgd_type" "double"
   END
   #GROUP vwuds_max
   CONNECTIONTYPE postgis
   CONNECTION "host=192.168.0.20 user=wsp_ro password=314159 dbname=drupal715"
   TYPE POINT
   STATUS off
   DUMP TRUE
   DEBUG OFF
   DATA "the_geom FROM (select geo.entity_id, sys.*, 
      CASE 
         WHEN (( sys.proj_use_mgd is not null) and (sys.proj_use_mgd > 0) ) THEN (4 * ceil(sqrt(0.5 + sys.proj_use_mgd)))  
         WHEN (( sys.current_mgy is not null) and (sys.current_mgy > 0) ) THEN (4 * ceil(sqrt(0.5 + (sys.current_mgy / 365.0))))  
         ELSE -99999
      END as curr_scale, 
      CASE
         WHEN (( sw_bg_mgd + gw_bg_mgd + pw_bg_mgd) > 0) and (proj_use_mgd is not null) THEN 100.0 * ( proj_use_mgd / ( sw_bg_mgd + gw_bg_mgd + pw_bg_mgd) ) 
         ELSE -99999 
      END as pct_capacity 
      from cache_geofield_coverage_wkt as geo
      left outer join wsp_sysloc_cache as sys
      on (
         geo.the_geom && sys.the_geom 
         and contains(geo.the_geom, sys.the_geom ) 
      )
      where geo.entity_id = %nid% 
         and sys.type in ( 'water_supply_plan_data_test' )
      ) AS foo USING UNIQUE system_nid"
   #FILTER "leapyear <> true"
   TEMPLATE drought.html
   #MINSCALE 1000
   #MAXSCALE 50000
   CLASS 
      NAME "Greater than 90% Capacity"
      EXPRESSION ( [pct_capacity] >= 90.0 )
      STYLE
         SYMBOL 'circle'
         SIZE [curr_scale]
         COLOR 255 0 0
         BACKGROUNDCOLOR 245 245 245
         OUTLINECOLOR 0 0 0
      END
   END
   CLASS 
      NAME "80-90% Capacity"
      EXPRESSION ( ([pct_capacity] >= 80.0) and ([pct_capacity] < 90.0) )
      STYLE
         SYMBOL 'circle'
         SIZE [curr_scale]
         COLOR 255 255 0
         BACKGROUNDCOLOR 245 245 245
         OUTLINECOLOR 0 0 0
      END
   END
   CLASS 
      NAME "Less than 80% Capacity"
      EXPRESSION ( ([pct_capacity] > 0.0) and ([pct_capacity] < 80.0) )
      STYLE
         SYMBOL 'circle'
         SIZE [curr_scale]
         COLOR 0 255 0
         BACKGROUNDCOLOR 245 245 245
         OUTLINECOLOR 0 0 0
      END
   END
   CLASS
      NAME "Percent of Capacity Unknown"
      STYLE
         SYMBOL 'circle'
         SIZE [curr_scale]
         COLOR 245 245 245
         BACKGROUNDCOLOR 245 245 245
         OUTLINECOLOR 0 0 0
      END
   END
   TOLERANCE 10
   PROJECTION
   # EPSG SRID = 4326
     "init=epsg:4326"
   END
END


LAYER
   NAME coverage_ssu_cap_scaled
   METADATA
      "wfs_title"    "Water Supply Plan System Information" ## REQUIRED
      "wfs_srs"           "EPSG:4326" ## REQUIRED
      "gml_featureid" "system_nid" ## REQUIRED
      "gml_include_items" "all"  ## Optional (serves all attributes for layer)
      "wfs_enable_request" "*"
	   "gml_current_mgy_type" "double"
	   "gml_current_max_mgd_type" "double"
	   "gml_proj_use_mgy_type" "double"
	   "gml_proj_year_type" "integer"
	   "gml_sw_num_src_type" "integer"
	   "gml_sw_dc_max_mgd_type" "double"
	   "gml_sw_dc_avg_mgd_type" "double"
	   "gml_sw_perm_max_mgy_type" "double"
	   "gml_sw_bg_mgd_type" "double"
	   "gml_gw_num_src_type" "integer"
	   "gml_gw_dc_max_mgd_type" "double"
	   "gml_gw_dc_avg_mgd_type" "double"
	   "gml_gw_perm_max_mgy_type" "double"
	   "gml_gw_bg_mgd_type" "double"
	   "gml_pw_num_src_type" "integer"
	   "gml_pw_dc_max_mgd_type" "double"
	   "gml_pw_dc_avg_mgd_type" "double"
	   "gml_pw_perm_max_mgy_type" "double"
	   "gml_pw_bg_mgd_type" "double"
   END
   #GROUP vwuds_max
   CONNECTIONTYPE postgis
   CONNECTION "host=192.168.0.20 user=wsp_ro password=314159 dbname=drupal715"
   TYPE POINT
   STATUS off
   DUMP TRUE
   DEBUG OFF
   DATA "the_geom FROM (select geo.entity_id, sys.*, (4 * ceil(sqrt(0.5 + (sys.current_mgy / 365.0)))) as curr_scale, 
      CASE
         WHEN (sys.sw_bg_mgd + sys.gw_bg_mgd + sys.pw_bg_mgd) > 0.0 THEN 100.0 * (sys.proj_use_mgd / ( sys.sw_bg_mgd + sys.gw_bg_mgd + sys.pw_bg_mgd)) 
         ELSE -99999 
      END as pct_capacity 
      from cache_geofield_coverage_wkt as geo
      left outer join wsp_sysloc_cache as sys
      on (
         geo.the_geom && sys.the_geom 
         and contains(geo.the_geom, sys.the_geom ) 
         and sys.type in ( 'wsp_ssu_agricultural', 'wsp_ssu_non_agricultural' )
      )
      where geo.entity_id = %nid% 
      ) AS foo USING UNIQUE system_nid"
   #FILTER "leapyear <> true"
   TEMPLATE drought.html
   #MINSCALE 1000
   #MAXSCALE 50000
   CLASS 
      NAME "Greater than 100% Capacity"
      EXPRESSION ( [pct_capacity] >= 100.0 )
      STYLE
         SYMBOL 'circle'
         SIZE [curr_scale]
         COLOR 255 0 0
         BACKGROUNDCOLOR 245 245 245
         OUTLINECOLOR 0 0 0
      END
   END
   CLASS 
      NAME "90-100% Capacity"
      EXPRESSION ( ([pct_capacity] >= 90.0) and ([pct_capacity] < 100.0) )
      STYLE
         SYMBOL 'circle'
         SIZE [curr_scale]
         COLOR 255 255 0
         BACKGROUNDCOLOR 245 245 245
         OUTLINECOLOR 0 0 0
      END
   END
   CLASS 
      NAME "Less than 90% Capacity"
      EXPRESSION ( [pct_capacity] < 90.0 )
      STYLE
         SYMBOL 'circle'
         SIZE [curr_scale]
         COLOR 0 255 0
         BACKGROUNDCOLOR 245 245 245
         OUTLINECOLOR 0 0 0
      END
   END
   CLASS
      NAME "Unknown"
      EXPRESSION ( [pct_capacity] == -99999 )
      STYLE
         SYMBOL 'circle'
         SIZE [curr_scale]
         COLOR 245 245 245
         BACKGROUNDCOLOR 245 245 245
         OUTLINECOLOR 0 0 0
      END
   END
   CLASS
      STYLE
         SYMBOL 'circle'
         SIZE [curr_scale]
         COLOR 245 245 245
         BACKGROUNDCOLOR 245 245 245
         OUTLINECOLOR 0 0 0
      END
   END
   TOLERANCE 10
   PROJECTION
   # EPSG SRID = 4326
     "init=epsg:4326"
   END
END

LAYER
   NAME vwuds_current_scaled
   METADATA
      "wfs_title"    "Water Supply Plan System Information" ## REQUIRED
      "wfs_srs"           "EPSG:4326" ## REQUIRED
      "gml_featureid" "system_nid" ## REQUIRED
      "gml_include_items" "all"  ## Optional (serves all attributes for layer)
      "wfs_enable_request" "*"
	   "gml_current_mgy_type" "double"
	   "gml_current_max_mgd_type" "double"
	   "gml_proj_use_mgy_type" "double"
	   "gml_proj_year_type" "integer"
	   "gml_sw_num_src_type" "integer"
	   "gml_sw_dc_max_mgd_type" "double"
	   "gml_sw_dc_avg_mgd_type" "double"
	   "gml_sw_perm_max_mgy_type" "double"
	   "gml_sw_bg_mgd_type" "double"
	   "gml_gw_num_src_type" "integer"
	   "gml_gw_dc_max_mgd_type" "double"
	   "gml_gw_dc_avg_mgd_type" "double"
	   "gml_gw_perm_max_mgy_type" "double"
	   "gml_gw_bg_mgd_type" "double"
	   "gml_pw_num_src_type" "integer"
	   "gml_pw_dc_max_mgd_type" "double"
	   "gml_pw_dc_avg_mgd_type" "double"
	   "gml_pw_perm_max_mgy_type" "double"
	   "gml_pw_bg_mgd_type" "double"
   END
   #GROUP vwuds_max
   CONNECTIONTYPE postgis
   CONNECTION "host=192.168.0.20 user=wsp_ro password=314159 dbname=drupal715"
   TYPE POINT
   STATUS off
   DUMP TRUE
   DEBUG OFF
   DATA "the_geom FROM (select geo.entity_id, sys.userid, sys.the_geom, (4 * ceil(sqrt(0.5 + sum(sys.annual_mgd)))) as curr_scale 
            
      from cache_geofield_coverage_wkt as geo
      left outer join cache_vwuds_current as sys
      on (
         geo.the_geom && sys.the_geom 
         and contains(geo.the_geom, sys.the_geom ) 
         and sys.cat_mp not in ('PH')
      )
      where geo.entity_id = %nid% 
      group by sys.userid, geo.entity_id, sys.the_geom
      ) AS foo USING UNIQUE userid"
   #FILTER "leapyear <> true"
   TEMPLATE drought.html
   #MINSCALE 1000
   #MAXSCALE 50000
   CLASS
      STYLE
         SYMBOL 'circle'
         SIZE [curr_scale]
         COLOR 245 245 245
         BACKGROUNDCOLOR 245 245 245
         OUTLINECOLOR 0 0 0
      END
      NAME "Withdrawals"
   END
   TOLERANCE 10
   PROJECTION
   # EPSG SRID = 4326
     "init=epsg:4326"
   END
END

LAYER
   NAME wsp_coverage
   METADATA
      "wfs_title"    "Spatial Coverage" ## REQUIRED
      "wfs_srs"           "EPSG:4326" ## REQUIRED
      "gml_featureid" "elementid" ## REQUIRED
      "gml_include_items" "all"  ## Optional (serves all attributes for layer)
      "wfs_enable_request" "*"
	  "wfs_version" "1.0.0"
	   "gml_nid_type" "integer"
   END
   CONNECTIONTYPE postgis
   CONNECTION "host=192.168.0.20 user=wsp_ro password=314159 dbname=drupal715"
   TYPE POLYGON
   STATUS DEFAULT
   DUMP TRUE
   #OPACITY 0
   DEBUG OFF
   DATA "the_geom FROM (select b.title, a.the_geom, a.entity_id 
      from cache_geofield_coverage_wkt as a 
      left outer join node as b 
      on (a.entity_id = b.nid)
      where a.entity_id = '%nid%'  ) AS foo USING UNIQUE entity_id"
   #FILTER "runid = 22"
   TEMPLATE webmap.html
   #MINSCALE 1000
   #MAXSCALE 50000
   #LABELITEM "title"
   CLASS
      #NAME "Watershed Bounds"
      COLOR -1 -1 -1
      OUTLINECOLOR 0 0 0
      STYLE
         OUTLINECOLOR 0 0 0
         WIDTH 4
      END
      LABEL
        COLOR 0 0 0
        TYPE TRUETYPE
        FONT arial
        SIZE 10
        ANTIALIAS TRUE
        POSITION LC
        PARTIALS FALSE
        MINDISTANCE 8000
      END
   END
   TOLERANCE 10
   PROJECTION
   # EPSG SRID = 4326
     "init=epsg:4326"
   END
END

LAYER
  NAME infolayer
  STATUS ON
  TYPE annotation
  TRANSFORM false
  FEATURE
    POINTS
      425 35 #this is the position of the text in image coordinates (pixels)
    END
    TEXT " Comparison of %dataname1% metrics for runs %runid1% and %runid2%    " #this is your displaying text
  END   
  CLASS
    #NAME thislabel
    EXPRESSION ( %dataname1% == 'auglowflow' )
    LABEL #defines the font, colors etc. of the text
      TEXT "      Comparison of August Low-Flow metrics      "
      FONT "arial"
      TYPE TRUETYPE
      SIZE 10
      BUFFER 1
      COLOR 0 0 0
      FORCE TRUE
    END
  END 
  CLASS
    #NAME thislabel
    EXPRESSION ( %dataname1% == '7q10' )
    LABEL #defines the font, colors etc. of the text
      TEXT "      Comparison of 7Q10 metrics      "
      FONT "arial"
      TYPE TRUETYPE
      SIZE 10
      BUFFER 1
      COLOR 0 0 0
      FORCE TRUE
    END
  END 
  CLASS
    LABEL #defines the font, colors etc. of the text
      TEXT "      Comparison of metrics      "
      FONT "arial"
      TYPE TRUETYPE
      SIZE 10
      BUFFER 1
      COLOR 0 0 0
      FORCE TRUE
    END
  END 
END
#map definition end
END
