MAP
NAME PrecipMap
STATUS ON
SIZE 850 500
EXTENT -83.6755065917969 36.5425186157227 -75.2422714233398 39.4657821655273
UNITS DD
SHAPEPATH "data"
IMAGECOLOR 255 255 255
PROJECTION
  "proj=latlong"
END
FONTSET fonts.txt
DEBUG ON
CONFIG "MS_ERRORFILE" "/tmp/mapserver.log"

##OUTPUTFORMAT
## NAME 'AGG'
## DRIVER AGG/PNG
## IMAGEMODE RGB
#END

SYMBOL
  NAME "triangle"
  TYPE vector
  POINTS
    0 4
    2 0
    4 4
    0 4
  END
END

SYMBOL
    NAME "line-diagonal"
    TYPE vector
    POINTS
        0 0
        8 8
    END
END

SYMBOL
    NAME "line-vertical"
    TYPE vector
    POINTS
        0.5 0
        0.5 1
    END
END

SYMBOL
  NAME 'circle'
  TYPE ELLIPSE
  POINTS 1 1 END
  FILLED TRUE
END

QUERYMAP
 STATUS ON
 STYLE NORMAL
END

WEB
MAXSCALE 5000000
   IMAGEPATH "/var/www/html/drought/state/images/maps/"
   IMAGEURL "/drought/state/images/maps/"
END

# LEGEND
LEGEND 
   IMAGECOLOR 255 250 240
   OUTLINECOLOR 0 0 0 
   KEYSIZE 10 10
   STATUS EMBED
   TRANSPARENT OFF
   #TRANSPARENCY 50
   LABEL
     COLOR 0 0 0
     #SHADOWCOLOR 218 218 218
     #SHADOWSIZE 2 2
     TYPE TRUETYPE
     FONT arial
     SIZE 7
     ANTIALIAS TRUE
   END # end of label
END

LAYER
   CONNECTIONTYPE postgis
   CONNECTION "host=192.168.0.13 user=postgres password=314159 dbname=noaa"
   NAME poli_bounds
   GROUP poli_bounds
   TYPE POLYGON
   STATUS ON
   DATA "the_geom from poli_bounds"
   FILTER "1 = 1"
   HEADER blank.html
   TEMPLATE blank.html
   FOOTER map.html
   #MINSCALE 1000
   #MAXSCALE 50000
   CLASS
      NAME "Political Boundaries"
      SYMBOL 'circle'
      SIZE 3
      COLOR -1 -1 -1
      BACKGROUNDCOLOR 0 0 0
      OUTLINECOLOR 0 0 0
   END
   TOLERANCE 10
   PROJECTION
   # EPSG SRID = 4326
     "proj=latlong"
   END
   METADATA
    "DESCRIPTION"   "Political Boundaries"
    "RESULT_FIELDS" "name county state"
   END
END

LAYER
   CONNECTIONTYPE postgis
   CONNECTION "host=192.168.0.13 user=postgres password=314159 dbname=noaa"
   NAME proj_seggroups
   TYPE POLYGON
   STATUS OFF
   DATA "the_geom from proj_seggroups"
   FILTER "projectid = 1 AND ownerid = 1 and agg_group <> 1"
   HEADER blank.html
   TEMPLATE blank.html
   FOOTER map.html
   #MINSCALE 1000
   #MAXSCALE 5000000
   LABELITEM "group_id"
   CLASS
      NAME "Watershed Groupings"
      SYMBOL 'circle'
      SIZE 2
      #COLOR -1 -1 -1
      #BACKGROUNDCOLOR 0 0 0
      COLOR 255 222 173
      BACKGROUNDCOLOR 255 222 173
      OUTLINECOLOR 181 11 63
      LABEL
        COLOR 0 0 0
        #SHADOWCOLOR 218 218 218
        #SHADOWSIZE 2 2
        TYPE TRUETYPE
        FONT arial
        SIZE 10
        FORCE TRUE
        ANTIALIAS TRUE
        POSITION CC
        PARTIALS FALSE
        MINDISTANCE 300
        MINFEATURESIZE 30
        BUFFER 0
        #MINSCALE 1000
        #MAXSCALE 50000
      END # end of label
   END
   TOLERANCE 5
   TRANSPARENCY 60
   PROJECTION
     "init=epsg:4326"
   END
   METADATA
      "title" "Selected Watersheds"
      "tablename" "Selected Watersheds"
   END
END

LAYER
   CONNECTIONTYPE postgis
   CONNECTION "host=192.168.0.13 user=postgres password=314159 dbname=noaa"
   NAME precip_period
   GROUP precip_period
   TYPE POINT
   STATUS OFF
   DEBUG ON
   DATA "the_geom from precip_gridded_period"
   FILTER " dataname = 'wy2date' "
   TEMPLATE blank.html
   #MINSCALE 1000
   #MAXSCALE 50000
   TRANSPARENCY 90
   CLASS
      NAME "1st Quartile: 0.0 <= P <= 19.63"
      EXPRESSION ( [globvalue] <= 19.63 )
      SYMBOL 'circle'
      SIZE 2
      COLOR 202 207 254
      BACKGROUNDCOLOR 202 207 254
      OUTLINECOLOR 202 207 254
   END
   CLASS
      NAME "2nd Quartile: 19.63 < P <= 22.64"
      EXPRESSION ( [globvalue] > 19.63 and [globvalue] <= 22.64 )
      SYMBOL 'circle'
      SIZE 2
      COLOR 137 148 253
      BACKGROUNDCOLOR 137 148 253
      OUTLINECOLOR 137 148 253
   END
   CLASS
      NAME "3rd Quartile: 22.64 < P <= 25.6"
      EXPRESSION ( [globvalue] > 22.64 and [globvalue] <= 25.6 )
      SYMBOL 'circle'
      SIZE 2
      COLOR 66 84 252
      BACKGROUNDCOLOR 66 84 252
      OUTLINECOLOR 66 84 252
   END
   CLASS
      NAME "4th Quartile: P > 25.6"
      EXPRESSION ( [globvalue] > 25.6 )
      SYMBOL 'circle'
      SIZE 2
      COLOR 4 26 236
      BACKGROUNDCOLOR 4 26 236
      OUTLINECOLOR 4 26 236
   END
   CLASS
      NAME "No Data"
      SYMBOL 'circle'
      SIZE 2
      COLOR 96 160 248
      BACKGROUNDCOLOR 96 160 248
      OUTLINECOLOR 96 160 248
   END
   TOLERANCE 10
   PROJECTION
   # EPSG SRID = 4326
     "proj=latlong"
   END
  METADATA
    "DESCRIPTION"   "Stat Results"
  END
END

LAYER
   CONNECTIONTYPE postgis
   CONNECTION "host=192.168.0.13 user=postgres password=314159 dbname=noaa"
   NAME precip_obs
   GROUP precip_obs
   TYPE POINT
   STATUS OFF
   DATA "the_geom from precip_gridded"
   FILTER " thisdate = now() "
   TEMPLATE blank.html
   #MINSCALE 1000
   #MAXSCALE 50000
   TRANSPARENCY 50
   CLASS
      NAME " P = 0.0       "
      # Oct-Jun scale 83.5, 73.5, 63.5
      EXPRESSION ( [globvalue] == 0.0 )
      SYMBOL 'circle'
      SIZE 2
      COLOR 213 229 248
      BACKGROUNDCOLOR 213 229 248
      OUTLINECOLOR 213 229 248
   END
   CLASS
      NAME "0.0 < P <= 0.3"
      # Oct-Jun scale 83.5, 73.5, 63.5
      EXPRESSION ( [globvalue] > 0.0 and [globvalue] <= 0.3 )
      SYMBOL 'circle'
      SIZE 2
      COLOR 184 212 248
      BACKGROUNDCOLOR 184 212 248
      OUTLINECOLOR 184 212 248
   END
   CLASS
      NAME "0.3 < P <= 0.6"
      # Oct-Jun scale 83.5, 73.5, 63.5
      EXPRESSION ( [globvalue] > 0.3 and [globvalue] <= 0.6 )
      SYMBOL 'circle'
      SIZE 2
      COLOR 155 195 248
      BACKGROUNDCOLOR 155 195 248
      OUTLINECOLOR 155 195 248
   END
   CLASS
      NAME "0.6 < P <= 0.8"
      # Oct-Jun scale 83.5, 73.5, 63.5
      EXPRESSION ( [globvalue] > 0.6 and [globvalue] <= 0.8 )
      SYMBOL 'circle'
      SIZE 2
      COLOR 125 177 248
      BACKGROUNDCOLOR 125 177 248
      OUTLINECOLOR 125 177 248
   END
   CLASS
      NAME "0.8 < P <= 1.0"
      # Oct-Jun scale 83.5, 73.5, 63.5
      EXPRESSION ( [globvalue] > 0.8 and [globvalue] <= 1.0 )
      SYMBOL 'circle'
      SIZE 2
      COLOR 96 160 248
      BACKGROUNDCOLOR 96 160 248
      OUTLINECOLOR 96 160 248
   END
   CLASS
      NAME "1.0 < P <= 1.3"
      # Oct-Jun scale 83.5, 73.5, 63.5
      EXPRESSION ( [globvalue] > 1.0 and [globvalue] <= 1.3 )
      SYMBOL 'circle'
      SIZE 2
      COLOR 67 146 248
      BACKGROUNDCOLOR 67 146 248
      OUTLINECOLOR 67 146 248
   END
   CLASS
      NAME "1.3 < P <= 1.6"
      # Oct-Jun scale 83.5, 73.5, 63.5
      EXPRESSION ( [globvalue] > 1.3 and [globvalue] <= 1.6 )
      SYMBOL 'circle'
      SIZE 2
      COLOR 38 125 248
      BACKGROUNDCOLOR 38 125 248
      OUTLINECOLOR 38 125 248
   END
   CLASS
      NAME "1.6 < P"
      # Oct-Jun scale 83.5, 73.5, 63.5
      EXPRESSION ( [globvalue] > 1.6 )
      SYMBOL 'circle'
      SIZE 2
      COLOR 9 105 248
      BACKGROUNDCOLOR 9 105 248
      OUTLINECOLOR 9 105 248
   END 
   TOLERANCE 10
   PROJECTION
   # EPSG SRID = 4326
     "proj=latlong"
   END
  METADATA
    "DESCRIPTION"   "Stat Results"
  END
END

LAYER
   CONNECTIONTYPE postgis
   CONNECTION "host=192.168.0.13 user=postgres password=314159 dbname=noaa"
   NAME precip_stat
   GROUP precip_stat
   TYPE POLYGON
   STATUS OFF
   DEBUG ON
   DATA "the_geom from gview_proj_group_stat"
   FILTER " projectid = 2 and thismetric = 'tmp_precip_0mos_dep_pct' "
   TEMPLATE blank.html
   #MINSCALE 1000
   #MAXSCALE 50000
   LABELITEM "groupname"
   CLASS
      NAME "Normal (>=85%)"
      # Oct-Jun scale 83.5, 73.5, 63.5
      EXPRESSION ( [thisvalue] >= 0.85 )
      #SYMBOL "line-diagonal"
      SYMBOL "circle"
      SIZE 3
      COLOR 100 200 100
      BACKGROUNDCOLOR -1 -1 -1
      OUTLINECOLOR 100 200 100
      LABEL
        FORCE TRUE
        COLOR 0 0 0
        #SHADOWCOLOR 218 218 218
        #SHADOWSIZE 2 2
        TYPE TRUETYPE
        FONT arial
        SIZE 8
        ANTIALIAS TRUE
        POSITION CC
        PARTIALS FALSE
        #MINDISTANCE 30
        MINFEATURESIZE 30
        BUFFER 1
        #MINSCALE 1000
        #MAXSCALE 50000
      END # end of label
   END
   CLASS
      NAME "Watch (>=75%)"
      EXPRESSION ( [thisvalue] >= 0.75 and [thisvalue] < 0.85 )
      #SYMBOL "line-diagonal"
      SYMBOL "circle"
      SIZE 3
      COLOR 255 255 51
      BACKGROUNDCOLOR -1 -1 -1
      OUTLINECOLOR 255 255 51
      LABEL
        COLOR 0 0 0
        #SHADOWCOLOR 218 218 218
        #SHADOWSIZE 2 2
        TYPE TRUETYPE
        FONT arial
        SIZE 8
        ANTIALIAS TRUE
        POSITION CC
        PARTIALS FALSE
        MINDISTANCE 300
        MINFEATURESIZE 30
        BUFFER 4
        #MINSCALE 1000
        #MAXSCALE 50000
      END # end of label
   END
   CLASS
      NAME "Warning (>=65%)"
      EXPRESSION ( [thisvalue] >= 0.65 and [thisvalue] < 0.75 )
      #SYMBOL "line-diagonal"
      SYMBOL "circle"
      SIZE 3
      COLOR 255 204 51
      BACKGROUNDCOLOR -1 -1 -1
      OUTLINECOLOR 255 204 51
      LABEL
        COLOR 0 0 0
        #SHADOWCOLOR 218 218 218
        #SHADOWSIZE 2 2
        TYPE TRUETYPE
        FONT arial
        SIZE 8
        ANTIALIAS TRUE
        POSITION CC
        PARTIALS FALSE
        MINDISTANCE 300
        MINFEATURESIZE 30
        BUFFER 4
        #MINSCALE 1000
        #MAXSCALE 50000
      END # end of label
   END
   CLASS
      NAME "Emergency (<65%)"
      EXPRESSION ( [thisvalue] < 0.65 )
      #SYMBOL "line-diagonal"
      SYMBOL "circle"
      SIZE 3
      COLOR 184 0 0
      BACKGROUNDCOLOR -1 -1 -1
      OUTLINECOLOR 184 0 0
      LABEL
        COLOR 0 0 0
        #SHADOWCOLOR 218 218 218
        #SHADOWSIZE 2 2
        TYPE TRUETYPE
        FONT arial
        SIZE 8
        ANTIALIAS TRUE
        POSITION CC
        PARTIALS FALSE
        MINDISTANCE 300
        MINFEATURESIZE 30
        BUFFER 4
        #MINSCALE 1000
        #MAXSCALE 50000
      END # end of label
   END
   TOLERANCE 10
   PROJECTION
   # EPSG SRID = 4326
     "init=epsg:4326"
   END
  METADATA
    "DESCRIPTION"   "Precip Stat Results"
    "wfs_title"    "Precip Statistics" ## REQUIRED
    "gml_featureid" "gid" ## REQUIRED
    "gml_include_items" "all"  ## Optional (serves all attributes for layer)
  END
END

LAYER
   CONNECTIONTYPE postgis
   CONNECTION "host=192.168.0.13 user=postgres password=314159 dbname=noaa"
   NAME flow_stat
   GROUP flow_stat
   TYPE POLYGON
   STATUS OFF
   DEBUG ON
   DATA "the_geom from gview_proj_group_stat"
   FILTER " projectid = 2 and thismetric = 'tmp_flow_0mos_dep_pct' "
   TEMPLATE blank.html
   #MINSCALE 1000
   #MAXSCALE 50000
   LABELITEM "groupname"
   CLASS
      NAME "Normal (>=25%)"
      # Oct-Jun scale 83.5, 73.5, 63.5
      EXPRESSION ( [thisvalue] >= 0.25 )
      #SYMBOL "line-diagonal"
      SYMBOL "circle"
      SIZE 3
      COLOR 100 200 100
      BACKGROUNDCOLOR -1 -1 -1
      OUTLINECOLOR 100 200 100
      LABEL
        FORCE TRUE
        COLOR 0 0 0
        #SHADOWCOLOR 218 218 218
        #SHADOWSIZE 2 2
        TYPE TRUETYPE
        FONT arial
        SIZE 8
        ANTIALIAS TRUE
        POSITION CC
        PARTIALS FALSE
        #MINDISTANCE 30
        MINFEATURESIZE 30
        BUFFER 1
        #MINSCALE 1000
        #MAXSCALE 50000
      END # end of label
   END
   CLASS
      NAME "Watch (>=10%)"
      EXPRESSION ( [thisvalue] >= 0.10 and [thisvalue] < 0.25 )
      #SYMBOL "line-diagonal"
      SYMBOL "circle"
      SIZE 3
      COLOR 255 255 51
      BACKGROUNDCOLOR -1 -1 -1
      OUTLINECOLOR 255 255 51
      LABEL
        COLOR 0 0 0
        #SHADOWCOLOR 218 218 218
        #SHADOWSIZE 2 2
        TYPE TRUETYPE
        FONT arial
        SIZE 8
        ANTIALIAS TRUE
        POSITION CC
        PARTIALS FALSE
        MINDISTANCE 300
        MINFEATURESIZE 30
        BUFFER 4
        #MINSCALE 1000
        #MAXSCALE 50000
      END # end of label
   END
   CLASS
      NAME "Warning (>=5%)"
      EXPRESSION ( [thisvalue] >= 0.05 and [thisvalue] < 0.10 )
      #SYMBOL "line-diagonal"
      SYMBOL "circle"
      SIZE 3
      COLOR 255 204 51
      BACKGROUNDCOLOR -1 -1 -1
      OUTLINECOLOR 255 204 51
      LABEL
        COLOR 0 0 0
        #SHADOWCOLOR 218 218 218
        #SHADOWSIZE 2 2
        TYPE TRUETYPE
        FONT arial
        SIZE 8
        ANTIALIAS TRUE
        POSITION CC
        PARTIALS FALSE
        MINDISTANCE 300
        MINFEATURESIZE 30
        BUFFER 4
        #MINSCALE 1000
        #MAXSCALE 50000
      END # end of label
   END
   CLASS
      NAME "Emergency (<5%)"
      EXPRESSION ( [thisvalue] < 0.05 )
      #SYMBOL "line-diagonal"
      SYMBOL "circle"
      SIZE 3
      COLOR 184 0 0
      BACKGROUNDCOLOR -1 -1 -1
      OUTLINECOLOR 184 0 0
      LABEL
        COLOR 0 0 0
        #SHADOWCOLOR 218 218 218
        #SHADOWSIZE 2 2
        TYPE TRUETYPE
        FONT arial
        SIZE 8
        ANTIALIAS TRUE
        POSITION CC
        PARTIALS FALSE
        MINDISTANCE 300
        MINFEATURESIZE 30
        BUFFER 4
        #MINSCALE 1000
        #MAXSCALE 50000
      END # end of label
   END
   TOLERANCE 10
   PROJECTION
   # EPSG SRID = 4326
     "init=epsg:4326"
   END
  METADATA
    "DESCRIPTION"   "Flow Stat Results"
    "wfs_title"    "Flow Statistics" ## REQUIRED
    "gml_featureid" "gid" ## REQUIRED
    "gml_include_items" "all"  ## Optional (serves all attributes for layer)
  END
END

LAYER
   CONNECTIONTYPE postgis
   CONNECTION "host=192.168.0.13 user=postgres password=314159 dbname=noaa"
   NAME gw_stat
   GROUP gw_stat
   TYPE POLYGON
   STATUS OFF
   DEBUG ON
   DATA "the_geom from gview_proj_group_stat"
   FILTER " projectid = 2 and thismetric = 'tmp_gw_0mos_dep_pct' "
   TEMPLATE blank.html
   #MINSCALE 1000
   #MAXSCALE 50000
   LABELITEM "groupname"
   CLASS
      NAME "Normal (>=25%)"
      # Oct-Jun scale 83.5, 73.5, 63.5
      EXPRESSION ( [thisvalue] >= 0.25 )
      #SYMBOL "line-diagonal"
      SYMBOL "circle"
      SIZE 3
      COLOR 100 200 100
      BACKGROUNDCOLOR -1 -1 -1
      OUTLINECOLOR 100 200 100
      LABEL
        FORCE TRUE
        COLOR 0 0 0
        #SHADOWCOLOR 218 218 218
        #SHADOWSIZE 2 2
        TYPE TRUETYPE
        FONT arial
        SIZE 8
        ANTIALIAS TRUE
        POSITION CC
        PARTIALS FALSE
        #MINDISTANCE 30
        MINFEATURESIZE 30
        BUFFER 1
        #MINSCALE 1000
        #MAXSCALE 50000
      END # end of label
   END
   CLASS
      NAME "Watch (>=10%)"
      EXPRESSION ( [thisvalue] >= 0.10 and [thisvalue] < 0.25 )
      #SYMBOL "line-diagonal"
      SYMBOL "circle"
      SIZE 3
      COLOR 255 255 51
      BACKGROUNDCOLOR -1 -1 -1
      OUTLINECOLOR 255 255 51
      LABEL
        COLOR 0 0 0
        #SHADOWCOLOR 218 218 218
        #SHADOWSIZE 2 2
        TYPE TRUETYPE
        FONT arial
        SIZE 8
        ANTIALIAS TRUE
        POSITION CC
        PARTIALS FALSE
        MINDISTANCE 300
        MINFEATURESIZE 30
        BUFFER 4
        #MINSCALE 1000
        #MAXSCALE 50000
      END # end of label
   END
   CLASS
      NAME "Warning (>=5%)"
      EXPRESSION ( [thisvalue] >= 0.05 and [thisvalue] < 0.10 )
      #SYMBOL "line-diagonal"
      SYMBOL "circle"
      SIZE 3
      COLOR 255 204 51
      BACKGROUNDCOLOR -1 -1 -1
      OUTLINECOLOR 255 204 51
      LABEL
        COLOR 0 0 0
        #SHADOWCOLOR 218 218 218
        #SHADOWSIZE 2 2
        TYPE TRUETYPE
        FONT arial
        SIZE 8
        ANTIALIAS TRUE
        POSITION CC
        PARTIALS FALSE
        MINDISTANCE 300
        MINFEATURESIZE 30
        BUFFER 4
        #MINSCALE 1000
        #MAXSCALE 50000
      END # end of label
   END
   CLASS
      NAME "Emergency (<5%)"
      EXPRESSION ( [thisvalue] < 0.05 )
      #SYMBOL "line-diagonal"
      SYMBOL "circle"
      SIZE 3
      COLOR 184 0 0
      BACKGROUNDCOLOR -1 -1 -1
      OUTLINECOLOR 184 0 0
      LABEL
        COLOR 0 0 0
        #SHADOWCOLOR 218 218 218
        #SHADOWSIZE 2 2
        TYPE TRUETYPE
        FONT arial
        SIZE 8
        ANTIALIAS TRUE
        POSITION CC
        PARTIALS FALSE
        MINDISTANCE 300
        MINFEATURESIZE 30
        BUFFER 4
        #MINSCALE 1000
        #MAXSCALE 50000
      END # end of label
   END
   TOLERANCE 10
   PROJECTION
   # EPSG SRID = 4326
     "init=epsg:4326"
   END
  METADATA
    "DESCRIPTION"   "GW Stat Results"
    "wfs_title"    "GW Statistics" ## REQUIRED
    "gml_featureid" "gid" ## REQUIRED
    "gml_include_items" "all"  ## Optional (serves all attributes for layer)
  END
END

LAYER
  NAME date_modified
  STATUS OFF
  TYPE annotation
  TRANSFORM false
  FEATURE
    POINTS
      425 65 #this is the position of the text in image coordinates (pixels)
    END
    TEXT " Cumulative Precipitation on 4km square grid from 10/01/2007 to 4/27/2008     " #this is your displaying text
  END   
  CLASS
    #NAME thislabel
    LABEL #defines the font, colors etc. of the text
      FONT "arial"
      TYPE TRUETYPE
      SIZE 10
      BUFFER 1
      COLOR 0 0 0
      BACKGROUNDCOLOR 255 255 255
      FORCE TRUE
    END
  END 
END
#map definition end
END
