MAP
NAME imageMapFile 
SIZE 600 360  
STATUS ON
#SYMBOLSET "./sym_wateruse.sym"
# for map in dd
EXTENT -83.6753387451172 36.4427703857422 -75.2407989501953 39.3660148620605
UNITS DD
# for map in utm 83z18
#UNITS METERS
SHAPEPATH "data"  
FONTSET "/var/www/html/mapserv/fonts.txt"
PROJECTION
    "init=epsg:4326"
END
DEBUG ON
CONFIG "MS_ERRORFILE" "/tmp/mapserver.log"

#OUTPUTFORMAT
# NAME 'AGG'
# DRIVER AGG/PNG
# IMAGEMODE RGB
#END

SYMBOL
  NAME "triangle"
  TYPE vector
  POINTS
    0 4
    2 0
    4 4
    0 4
  END
END

SYMBOL
  NAME "rectangle"
  TYPE vector
  POINTS    
    0 0
    0 3
    3 3
    3 0
    0 0
  END
  FILLED TRUE
END

SYMBOL
  NAME "foursquare"
  TYPE vector
  POINTS    
    0 0
    0 4
    4 4
    4 0
    0 0
   -4 0
  END
  FILLED TRUE
END

SYMBOL
  NAME 'circle'
  TYPE ELLIPSE
  POINTS 1 1 END
  FILLED TRUE
END

SYMBOL
  NAME 'hatch-simple'
  TYPE HATCH
END

#QUERYMAP
# STATUS ON
# STYLE NORMAL
#END

WEB
   MAXSCALE 5000000
   IMAGEPATH "/var/www/html/drought/state/images/maps/"
   IMAGEURL "/drought/state/images/maps/"
   TEMPLATE "webmap.html"
END   

#LAYER
#  NAME "us_drought"
#  TYPE RASTER
#  STATUS OFF
#  CONNECTION "http://torka.unl.edu:8080/cgi-bin/mapserv.exe?map=/ms4w/apps/dm/service/usdm_current_wms.map"
#  CONNECTIONTYPE WMS
#  METADATA
#    "wms_srs"             "EPSG:4326"
#    "wms_name"            "usdm_current"
#    "wms_server_version"  "1.1.1"
#    "wms_format"          "image/png"
#  END
#END

LAYER
   CONNECTIONTYPE postgis
   CONNECTION "host=192.168.0.21 user=postgres password=314159 dbname=drupal.dh03"
   NAME proj_seggroups
   #GROUP proj_seggroups
   TYPE POLYGON
   STATUS DEFAULT
   #DEBUG ON
   DATA "shape FROM (
     select st_setsrid(reg_geo.dh_geofield_geom,4326) AS shape,
       reg_feat.hydroid, 
       CASE 
         WHEN reg_val.propcode = '' THEN '-1'
         WHEN reg_val.propcode is NOT NULL THEN reg_val.propcode
         ELSE '-1'
       END as drought_status, reg_val.startdate, reg_val.enddate 
     from dh_feature as reg_feat  
     left outer join field_data_dh_geofield as reg_geo
     on (
       reg_geo.entity_id = reg_feat.hydroid 
       and reg_geo.entity_type = 'dh_feature' 
     )
     left outer join dh_variabledefinition as b 
     on (
       b.varkey = 'drought_status'
     )
     left outer join dh_properties as reg_val
     on (
       reg_feat.hydroid = reg_val.featureid
       and reg_val.entity_type = 'dh_feature' 
       and reg_val.varid = b.hydroid 
     )
     where reg_feat.bundle = 'landunit'
       and reg_feat.ftype = 'drought_region'
     group by reg_feat.hydroid, reg_val.propcode, reg_val.propvalue, 
       reg_val.startdate, reg_val.enddate, reg_geo.dh_geofield_geom 
   ) AS foo USING UNIQUE hydroid using SRID=4326 "
   #MINSCALE 1000
   #MAXSCALE 50000
   CLASS
      NAME "Normal"
      EXPRESSION ( [drought_status] = 0 )
      #STYLE
	    #SYMBOL 'hatch-simple'
      #   SIZE 3
      COLOR 100 200 100
      BACKGROUNDCOLOR 100 200 100
      OUTLINECOLOR 0 0 0   
      #END
   END
   CLASS
      NAME "Watch"
      EXPRESSION ( [drought_status] = 1 )
      #STYLE
	    #SYMBOL 'hatch-simple'
      #   SIZE 3
      COLOR 255 255 51
      BACKGROUNDCOLOR 255 255 51
      OUTLINECOLOR 0 0 0
      #END
   END
   CLASS
      NAME "Warning"
      EXPRESSION ( [drought_status] = 2 )
      #STYLE
   	  #SYMBOL 'hatch-simple'
      #   SIZE 3
      COLOR 255 204 51
      BACKGROUNDCOLOR 255 204 51
      OUTLINECOLOR 0 0 0  
      #END
   END
   CLASS
      NAME "Emergency"
      EXPRESSION ( [drought_status] = 3 )
      #STYLE
	    #SYMBOL 'hatch-simple'
      #   SIZE 3
      COLOR 184 0 0
      BACKGROUNDCOLOR 184 0 0
      OUTLINECOLOR 0 0 0  
      #END
   END
   CLASS
      NAME "proj_seggroups"
      #SYMBOL 'hatch-simple'
      #SIZE 3
      COLOR -1 -1 -1
      BACKGROUNDCOLOR 0 0 0
      OUTLINECOLOR 0 0 0
   END
   TOLERANCE 10
   PROJECTION
   # EPSG SRID = 4326
     "proj=latlong"
   END
  METADATA
    "DESCRIPTION"   "Stat Results"
  END
END

LAYER
   CONNECTIONTYPE postgis
   CONNECTION "host=192.168.0.21 user=postgres password=314159 dbname=drupal.dh03"
   NAME locality_status
   #GROUP locality_status
   TYPE POLYGON
   STATUS DEFAULT
   #DEBUG ON
   DATA "shape FROM (
     select st_setsrid(reg_geo.dh_geofield_geom,4326) AS shape,
       reg_feat.hydroid, 
       CASE 
         WHEN reg_val.propcode = '' THEN '-1'
         WHEN reg_val.propcode is NOT NULL THEN reg_val.propcode
         ELSE '-1'
       END as drought_status, reg_val.startdate, reg_val.enddate 
     from dh_feature as reg_feat  
     left outer join field_data_dh_geofield as reg_geo
     on (
       reg_geo.entity_id = reg_feat.hydroid 
       and reg_geo.entity_type = 'dh_feature' 
     )
     left outer join dh_variabledefinition as b 
     on (
       b.varkey = 'drought_status'
     )
     left outer join dh_properties as reg_val
     on (
       reg_feat.hydroid = reg_val.featureid
       and reg_val.entity_type = 'dh_feature' 
       and reg_val.varid = b.hydroid 
     )
     where reg_feat.bundle = 'usafips'
       and reg_feat.hydrocode LIKE '51%'
     group by reg_feat.hydroid, reg_val.propcode, reg_val.propvalue, 
       reg_val.startdate, reg_val.enddate, reg_geo.dh_geofield_geom 
   ) AS foo USING UNIQUE hydroid using SRID=4326 "
   #MINSCALE 1000
   #MAXSCALE 50000
   CLASS
      NAME "Normal"
      EXPRESSION ( [drought_status] = 0 )
      #STYLE
	    #SYMBOL 'hatch-simple'
      #   SIZE 3
      COLOR 100 200 100
      BACKGROUNDCOLOR 100 200 100
      OUTLINECOLOR 0 0 0   
      #END
   END
   CLASS
      NAME "Watch"
      EXPRESSION ( [drought_status] = 1 )
      #STYLE
	    #SYMBOL 'hatch-simple'
      #   SIZE 3
      COLOR 255 255 51
      BACKGROUNDCOLOR 255 255 51
      OUTLINECOLOR 0 0 0
      #END
   END
   CLASS
      NAME "Warning"
      EXPRESSION ( [drought_status] = 2 )
      #STYLE
   	  #SYMBOL 'hatch-simple'
      #   SIZE 3
      COLOR 255 204 51
      BACKGROUNDCOLOR 255 204 51
      OUTLINECOLOR 0 0 0  
      #END
   END
   CLASS
      NAME "Emergency"
      EXPRESSION ( [drought_status] = 3 )
      #STYLE
	    #SYMBOL 'hatch-simple'
      #   SIZE 3
      COLOR 184 0 0
      BACKGROUNDCOLOR 184 0 0
      OUTLINECOLOR 0 0 0  
      #END
   END
   CLASS
      NAME "proj_seggroups"
      #SYMBOL 'hatch-simple'
      #SIZE 3
      COLOR -1 -1 -1
      BACKGROUNDCOLOR 0 0 0
      OUTLINECOLOR 0 0 0
   END
   TOLERANCE 10
   PROJECTION
   # EPSG SRID = 4326
     "proj=latlong"
   END
  METADATA
    "DESCRIPTION"   "Stat Results"
  END
END

LAYER
   CONNECTIONTYPE postgis
   CONNECTION "host=192.168.0.21 user=postgres password=314159 dbname=noaa"
   NAME poli_bounds
   #GROUP poli_bounds
   TYPE POLYGON
   STATUS ON
   DUMP TRUE
   #DEBUG ON
   DATA "the_geom from (
     select gid, name, the_geom from va_counties 
   ) as foo USING UNIQUE gid using srid=4326"
   TEMPLATE drought.html
   #MINSCALE 1000
   #MAXSCALE 50000
   #LABELITEM "name"
   CLASS
      NAME "Political Boundaries"
      SYMBOL 'circle'
      COLOR -1 -1 -1
      BACKGROUNDCOLOR 0 0 0
      OUTLINECOLOR 222 222 222
      STYLE 
        SIZE 2
      END
      LABEL
        COLOR 222 222 222
        TYPE TRUETYPE
        FONT arial
        SIZE 8
        ANTIALIAS TRUE
        POSITION CC
        PARTIALS FALSE
        MINDISTANCE 300
        MINFEATURESIZE 30
        BUFFER 4
      END # end of label
   END
   TOLERANCE 10
   #PROJECTION
   # EPSG SRID = 4326
   #  "proj=latlong"
   #END
   METADATA
    "DESCRIPTION"   "Political Boundaries"
    "RESULT_FIELDS" "name county state"
   END
END

LAYER
   CONNECTIONTYPE postgis
   CONNECTION "host=192.168.0.21 user=postgres password=314159 dbname=drupal.dh03"
   NAME sym_box
   GROUP sym_box
   TYPE POINT
   #DEBUG ON
   STATUS ON
   DATA "shape FROM (
     select st_setsrid(st_centroid(reg_geo.dh_geofield_geom),4326) AS shape,
       reg_feat.hydroid 
     from dh_feature as reg_feat  
     left outer join field_data_dh_geofield as reg_geo
     on (
       reg_geo.entity_id = reg_feat.hydroid 
       and reg_geo.entity_type = 'dh_feature' 
     )
     where reg_feat.bundle = 'landunit'
       and reg_feat.ftype = 'drought_region'
     group by reg_feat.hydroid, reg_geo.dh_geofield_geom 
   ) AS foo USING UNIQUE hydroid using SRID=4326 "
   TEMPLATE drought.html
   CLASS
      STYLE
        # "PDI"
        SYMBOL 'circle'
        SIZE 11
        COLOR 220 220 220
        BACKGROUNDCOLOR -1 -1 -1
        OUTLINECOLOR 0 0 0   
        OFFSET 6 9
        ANTIALIAS FALSE
      END
      STYLE
        # "Flow"
         SYMBOL 'circle'
         SIZE 11
         COLOR 220 220 220
         BACKGROUNDCOLOR -1 -1 -1
         OUTLINECOLOR 0 0 0   
         OFFSET -6 -9
         ANTIALIAS FALSE
      END
      STYLE
        # "Precip"
         SYMBOL 'circle'
         SIZE 11
         COLOR 220 220 220
         BACKGROUNDCOLOR -1 -1 -1
         OUTLINECOLOR 0 0 0   
         OFFSET -6 9
         ANTIALIAS FALSE
      END
      STYLE
        # "GW"
         SYMBOL 'circle'
         SIZE 11
         COLOR 220 220 220
         BACKGROUNDCOLOR -1 -1 -1
         OUTLINECOLOR 0 0 0   
         OFFSET 6 -9
         ANTIALIAS FALSE
      END
      STYLE
        # "MLLR"
         SYMBOL 'circle'
         SIZE 11
         COLOR 220 220 220
         BACKGROUNDCOLOR -1 -1 -1
         OUTLINECOLOR 0 0 0   
         OFFSET 12 0
         ANTIALIAS FALSE
      END
      STYLE
        # "Reservoir"
         SYMBOL 'circle'
         SIZE 11
         COLOR 220 220 220
         BACKGROUNDCOLOR -1 -1 -1
         OUTLINECOLOR 0 0 0   
         OFFSET -12 0
         ANTIALIAS FALSE
      END
   END
   TOLERANCE 10
   PROJECTION
   # EPSG SRID = 4326
     "proj=latlong"
   END
  METADATA
    "DESCRIPTION"   "Stat Results"
  END
END


LAYER
   CONNECTIONTYPE postgis
   CONNECTION "host=192.168.0.21 user=postgres password=314159 dbname=drupal.dh03"
   NAME sym_flow
   GROUP sym_flow
   TYPE POINT
   STATUS ON
   DATA "shape FROM (
     select st_setsrid(st_centroid(reg_geo.dh_geofield_geom),4326) AS shape,
       reg_feat.hydroid, min(mp_feat.hydroid) mp_hydroid,
       CASE 
         WHEN reg_val.propcode is NOT NULL THEN reg_val.propvalue
         ELSE min(mp_val.propvalue)
       END as thisvalue,
       CASE 
         WHEN reg_val.propcode is NOT NULL THEN reg_val.propcode
         WHEN min(mp_val.propcode) IS NULL THEN '-1'
         ELSE max(mp_val.propcode)
       END as drought_status, reg_val.startdate, reg_val.enddate 
     from dh_feature as reg_feat  
     left outer join field_data_dh_geofield as reg_geo
     on (
       reg_geo.entity_id = reg_feat.hydroid 
       and reg_geo.entity_type = 'dh_feature' 
     )
     left outer join dh_variabledefinition as b 
     on (
       b.varkey = 'drought_status_stream'
     )
     left outer join dh_properties as reg_val
     on (
       reg_feat.hydroid = reg_val.featureid
       and reg_val.entity_type = 'dh_feature' 
       and reg_val.varid = b.hydroid 
     )
     left outer join field_data_dh_link_facility_mps as mp_link
     on (
       mp_link.entity_type = 'dh_feature' 
       and mp_link.dh_link_facility_mps_target_id = reg_feat.hydroid 
     )
     left outer join dh_feature as mp_feat
     on (
       mp_link.entity_id = mp_feat.hydroid 
       and mp_feat.bundle = 'usgsgage' 
     )
     left outer join dh_properties as mp_val
     on (
       mp_feat.hydroid = mp_val.featureid
       and mp_val.entity_type = 'dh_feature' 
       and mp_val.varid = b.hydroid 
     )
     where reg_feat.bundle = 'landunit'
       and reg_feat.ftype = 'drought_region'
     group by reg_feat.hydroid, reg_val.propcode, reg_val.propvalue, 
       reg_val.startdate, reg_val.enddate, st_centroid(reg_geo.dh_geofield_geom) 
   ) AS foo USING UNIQUE hydroid using SRID=4326 "
   TEMPLATE drought.html
   #MINSCALE 1000
   #MAXSCALE 50000
    #STATUS ON  
   CLASS
      NAME "Normal"
      EXPRESSION ( tostring([drought_status],'s') = '0' )
      STYLE
         SYMBOL 'circle'
         SIZE 11
         COLOR 100 200 100
         BACKGROUNDCOLOR 100 200 100
         OUTLINECOLOR 0 0 0   
         OFFSET -6 -9
      END
   END
   CLASS
      NAME "Watch"
      EXPRESSION ( [drought_status] = 1 )
      STYLE
         SYMBOL 'circle'
         SIZE 11
         COLOR 255 255 51
         BACKGROUNDCOLOR 255 255 51
         OUTLINECOLOR 0 0 0
         OFFSET -6 -9
      END
   END
   CLASS
      NAME "Warning"
      EXPRESSION ( [drought_status] = 2 )
      STYLE
         SYMBOL 'circle'
         SIZE 11
         COLOR 255 204 51
         BACKGROUNDCOLOR 255 204 51
         OUTLINECOLOR 0 0 0  
         OFFSET -6 -9
      END
   END
   CLASS
      NAME "Emergency"
      EXPRESSION ( [drought_status] = 3 )
      STYLE
         SYMBOL 'circle'
         SIZE 11
         COLOR 184 0 0
         BACKGROUNDCOLOR 184 0 0
         OUTLINECOLOR 0 0 0   
         OFFSET -6 -9
      END
   END
   CLASS
      NAME "None"
      STYLE
         SYMBOL 'circle'
         SIZE 11
         COLOR 220 220 220
         BACKGROUNDCOLOR -1 -1 -1
         OUTLINECOLOR 0 0 0   
         OFFSET -6 -9
      END
   END
   TOLERANCE 10
   PROJECTION
   # EPSG SRID = 4326
     "proj=latlong"
   END
  METADATA
    "DESCRIPTION"   "Stat Results"
  END
END


LAYER
   CONNECTIONTYPE postgis
   CONNECTION "host=192.168.0.21 user=postgres password=314159 dbname=drupal.dh03"
   NAME sym_res
   GROUP sym_res
   TYPE POINT
   STATUS DEFAULT
   DATA "shape FROM (
     select st_setsrid(st_centroid(reg_geo.dh_geofield_geom),4326) AS shape,
       reg_feat.hydroid, min(mp_feat.hydroid) mp_hydroid,
       CASE 
         WHEN reg_val.propcode is NOT NULL THEN reg_val.propvalue
         ELSE min(mp_val.propvalue)
       END as thisvalue,
       CASE 
         WHEN reg_val.propcode is NOT NULL THEN reg_val.propcode
         WHEN min(mp_val.propcode) IS NULL THEN '-1'
         ELSE max(mp_val.propcode)
       END as drought_status, reg_val.startdate, reg_val.enddate 
     from dh_feature as reg_feat  
     left outer join field_data_dh_geofield as reg_geo
     on (
       reg_geo.entity_id = reg_feat.hydroid 
       and reg_geo.entity_type = 'dh_feature' 
     )
     left outer join dh_variabledefinition as b 
     on (
       b.varkey = 'drought_status_reservoir'
     )
     left outer join dh_properties as reg_val
     on (
       reg_feat.hydroid = reg_val.featureid
       and reg_val.entity_type = 'dh_feature' 
       and reg_val.varid = b.hydroid 
     )
     left outer join field_data_dh_link_facility_mps as mp_link
     on (
       mp_link.entity_type = 'dh_feature' 
       and mp_link.dh_link_facility_mps_target_id = reg_feat.hydroid 
     )
     left outer join dh_feature as mp_feat
     on (
       mp_link.entity_id = mp_feat.hydroid 
       and mp_feat.bundle = 'waterbody' 
     )
     left outer join dh_properties as mp_val
     on (
       mp_feat.hydroid = mp_val.featureid
       and mp_val.entity_type = 'dh_feature' 
       and mp_val.varid = b.hydroid 
     )
     where reg_feat.bundle = 'landunit'
       and reg_feat.ftype = 'drought_region'
     group by reg_feat.hydroid, reg_val.propcode, reg_val.propvalue, 
       reg_val.startdate, reg_val.enddate, st_centroid(reg_geo.dh_geofield_geom) 
   ) AS foo USING UNIQUE hydroid using SRID=4326 "
   TEMPLATE drought.html
   #MINSCALE 1000
   #MAXSCALE 50000
    #STATUS ON  
   CLASS
      NAME "Normal"
      EXPRESSION ( tostring([drought_status],'s') = '0' )
      STYLE
         SYMBOL 'circle'
         SIZE 11
         COLOR 100 200 100
         BACKGROUNDCOLOR 100 200 100
         OUTLINECOLOR 0 0 0   
         OFFSET -12 0
      END
   END
   CLASS
      NAME "Watch"
      EXPRESSION ( [drought_status] = 1 )
      STYLE
         SYMBOL 'circle'
         SIZE 11
         COLOR 255 255 51
         BACKGROUNDCOLOR 255 255 51
         OUTLINECOLOR 0 0 0
         OFFSET -12 0
      END
   END
   CLASS
      NAME "Warning"
      EXPRESSION ( [drought_status] = 2 )
      STYLE
         SYMBOL 'circle'
         SIZE 11
         COLOR 255 204 51
         BACKGROUNDCOLOR 255 204 51
         OUTLINECOLOR 0 0 0  
         OFFSET -12 0
      END
   END
   CLASS
      NAME "Emergency"
      EXPRESSION ( [drought_status] = 3 )
      STYLE
         SYMBOL 'circle'
         SIZE 11
         COLOR 184 0 0
         BACKGROUNDCOLOR 184 0 0
         OUTLINECOLOR 0 0 0   
         OFFSET -12 0
      END
   END
   CLASS
      NAME "None"
      STYLE
         SYMBOL 'circle'
         SIZE 11
         COLOR 220 220 220
         BACKGROUNDCOLOR -1 -1 -1
         OUTLINECOLOR 0 0 0   
         OFFSET -12 0
      END
   END
   TOLERANCE 10
   PROJECTION
   # EPSG SRID = 4326
     "proj=latlong"
   END
  METADATA
    "DESCRIPTION"   "Stat Results"
  END
END

LAYER
   CONNECTIONTYPE postgis
   CONNECTION "host=192.168.0.21 user=postgres password=314159 dbname=noaa"
   NAME sym_pdi
   GROUP sym_pdi
   TYPE POINT
   STATUS OFF
   DATA "shape FROM (
     select st_setsrid(st_centroid(the_geom),4326) AS shape,
       hydroid, 
       CASE 
         WHEN propvalue as thisvalue, 
       thismetric, startdate, enddate 
     from dh_feature as a 
     left outer join dh_variabledefinition as b 
     on (
       b.varkey = 'drought_status_palmer'
     )
     left outer join dh_properties as reg_val
     on (
       a.hydroid = reg_val.featureid
       and reg_val.entity_type = 'dh_feature' 
       and reg_val.varid = b.hydroid 
     )
     where a.bundle = 'landunit'
       and a.ftype = 'drought_region'
   ) AS foo USING UNIQUE hydroid using SRID=4326 "
   TEMPLATE drought.html
   #MINSCALE 1000
   #MAXSCALE 50000
    #STATUS ON  
   CLASS
      NAME "Normal"
      EXPRESSION ( [thisvalue] > -2.00 )
      STYLE
         SYMBOL 'circle'
         SIZE 11
         COLOR 100 200 100
         BACKGROUNDCOLOR 100 200 100
         OUTLINECOLOR 0 0 0   
         OFFSET -6 6
      END
   END
   CLASS
      NAME "Watch"
      EXPRESSION ( [thisvalue] > -3.00 and [thisvalue] <= -2.00 )
      STYLE
         SYMBOL 'circle'
         SIZE 11
         COLOR 255 255 51
         BACKGROUNDCOLOR 255 255 51
         OUTLINECOLOR 0 0 0
         OFFSET -6 6
      END
   END
   CLASS
      NAME "Warning"
      EXPRESSION ( [thisvalue] > -4.0 and [thisvalue] <= -3.0 )
      STYLE
         SYMBOL 'circle'
         SIZE 11
         COLOR 255 204 51
         BACKGROUNDCOLOR 255 204 51
         OUTLINECOLOR 0 0 0  
         OFFSET -6 6
      END
   END
   CLASS
      NAME "Emergency"
      EXPRESSION ( [thisvalue] <= -4.00 )
      STYLE
         SYMBOL 'circle'
         SIZE 11
         COLOR 184 0 0
         BACKGROUNDCOLOR 184 0 0
         OUTLINECOLOR 0 0 0   
         OFFSET -6 6
      END
   END
   CLASS
      NAME "None"
      STYLE
         SYMBOL 'circle'
         SIZE 11
         COLOR 184 0 0
         BACKGROUNDCOLOR -1 -1 -1
         OUTLINECOLOR 0 0 0   
         OFFSET -6 6
      END
   END
   TOLERANCE 10
   PROJECTION
   # EPSG SRID = 4326
     "proj=latlong"
   END
  METADATA
    "DESCRIPTION"   "Stat Results"
  END
END

LAYER
   CONNECTIONTYPE postgis
   CONNECTION "host=192.168.0.21 user=postgres password=314159 dbname=drupal.dh03"
   NAME sym_precip
   GROUP sym_precip
   TYPE POINT
   STATUS ON
   DEBUG ON
   DUMP TRUE
   DATA "shape FROM (
     select reg_feat.hydroid, st_setsrid(st_centroid(reg_geo.dh_geofield_geom),4326) AS shape,
       CASE 
         WHEN reg_val.propcode = '' THEN '-1'
         WHEN reg_val.propcode is NOT NULL THEN reg_val.propcode
         ELSE '-1'
       END as drought_status, reg_val.startdate, reg_val.enddate 
     from dh_feature as reg_feat  
     left outer join field_data_dh_geofield as reg_geo
     on (
       reg_geo.entity_id = reg_feat.hydroid 
       and reg_geo.entity_type = 'dh_feature' 
     )
     left outer join dh_variabledefinition as b 
     on (
       b.varkey = 'drought_status_precip'
     )
     left outer join dh_properties as reg_val
     on (
       reg_feat.hydroid = reg_val.featureid
       and reg_val.entity_type = 'dh_feature' 
       and reg_val.varid = b.hydroid 
     )
     where reg_feat.bundle = 'landunit'
       and reg_feat.ftype = 'drought_region'
     group by reg_feat.hydroid, reg_val.propcode, reg_val.propvalue, 
       reg_val.startdate, reg_val.enddate, reg_geo.dh_geofield_geom 
   ) AS foo USING UNIQUE hydroid using SRID=4326 "
   TEMPLATE drought.html
   #MINSCALE 1000
   #MAXSCALE 50000
    #STATUS ON  
   CLASS
      NAME "Normal"
      #EXPRESSION ( [thisvalue] >= 0.835 )
      # March+
      # EXPRESSION ( [thisvalue] >= 0.80 )
      # October
      # EXPRESSION ( [thisvalue] >= 0.75 )
      EXPRESSION ( tostring([drought_status],'s') = '0' )
      STYLE
         SYMBOL 'circle'
         SIZE 11
         COLOR 100 200 100
         BACKGROUNDCOLOR 100 200 100
         OUTLINECOLOR 0 0 0    
         OFFSET -6 9
      END
   END
   CLASS
      NAME "Watch"
      #EXPRESSION ( [thisvalue] >= 0.735 and [thisvalue] < 0.835 )
      # March+
      #EXPRESSION ( [thisvalue] >= 0.70 and [thisvalue] < 0.80 )
      # October
      #EXPRESSION ( [thisvalue] >= 0.65 and [thisvalue] < 0.75 )
      EXPRESSION ( [drought_status] = 1 )
      STYLE
         SYMBOL 'circle'
         SIZE 11
         COLOR 255 255 51
         BACKGROUNDCOLOR 255 255 51
         OUTLINECOLOR 0 0 0 
         OFFSET -6 9
      END
   END
   CLASS
      NAME "Warning"
      #EXPRESSION ( [thisvalue] >= 0.635 and [thisvalue] < 0.735 )
      # March+
      # EXPRESSION ( [thisvalue] >= 0.60 and [thisvalue] < 0.70 )
      # October
      #EXPRESSION ( [thisvalue] >= 0.55 and [thisvalue] < 0.65 )
      EXPRESSION ( [drought_status] = 2 )
      STYLE
         SYMBOL 'circle'
         SIZE 11
         COLOR 255 204 51
         BACKGROUNDCOLOR 255 204 51
         OUTLINECOLOR 0 0 0   
         OFFSET -6 9
      END
   END
   CLASS
      NAME "Emergency"
      #EXPRESSION ( [thisvalue] < 0.635 )
      # March+
      #EXPRESSION ( [thisvalue] < 0.6 )
      # October
      #EXPRESSION ( [thisvalue] < 0.55 )
      EXPRESSION ( [drought_status] = '3' )
      STYLE
         SYMBOL 'circle'
         SIZE 11
         COLOR 184 0 0
         BACKGROUNDCOLOR 184 0 0
         OUTLINECOLOR 0 0 0    
         OFFSET -6 9
      END
   END
#   CLASS
#      NAME "Normal Rolling"
#      #EXPRESSION ( [thismetric] = 'rollwyprecip_dep_pct' and [thisvalue] >= 0.835 )
#      # March+
#      EXPRESSION ( [thismetric] = 'rollwyprecip_dep_pct' and [thisvalue] >= 0.80 )
#      STYLE
#         SYMBOL 'circle'
#         SIZE 11
#         COLOR 100 200 100
#         BACKGROUNDCOLOR 100 200 100
#         OUTLINECOLOR 0 0 0    
#         OFFSET -6 9
#      END
#   END
   CLASS
      NAME "None"
      STYLE
         SYMBOL 'circle'
         SIZE 11
         COLOR 184 0 0
         BACKGROUNDCOLOR -1 -1 -1
         OUTLINECOLOR 0 0 0    
         OFFSET -6 9
      END
   END
   TOLERANCE 10
   PROJECTION
   # EPSG SRID = 4326
     "proj=latlong"
   END
  METADATA
    "DESCRIPTION"   "Stat Results"
  END
END

LAYER
   CONNECTIONTYPE postgis
   CONNECTION "host=192.168.0.21 user=postgres password=314159 dbname=drupal.dh03"
   NAME sym_mllr
   GROUP sym_mllr
   TYPE POINT
   STATUS ON
   DATA "shape FROM (
     select st_setsrid(st_centroid(reg_geo.dh_geofield_geom),4326) AS shape,
       reg_feat.hydroid, 
       CASE 
         WHEN reg_val.propcode is NOT NULL THEN reg_val.propvalue
         WHEN min(mp_val.propvalue) IS NULL THEN -1
         ELSE min(mp_val.propvalue)
       END as thisvalue,
       CASE 
         WHEN ( (reg_val.propcode is NOT NULL) and (reg_val.propcode <> '')) THEN reg_val.propcode
         WHEN max(mp_val.propcode) IS NULL THEN '-1'
         ELSE max(mp_val.propcode)
       END as drought_status, reg_val.startdate, reg_val.enddate 
     from dh_feature as reg_feat  
     left outer join field_data_dh_geofield as reg_geo
     on (
       reg_geo.entity_id = reg_feat.hydroid 
       and reg_geo.entity_type = 'dh_feature' 
     )
     left outer join dh_variabledefinition as b 
     on (
       b.varkey = 'drought_status_mllr'
     )
     left outer join dh_properties as reg_val
     on (
       reg_feat.hydroid = reg_val.featureid
       and reg_val.entity_type = 'dh_feature' 
       and reg_val.varid = b.hydroid 
     )
     left outer join field_data_dh_link_facility_mps as mp_link
     on (
       mp_link.entity_type = 'dh_feature' 
       and mp_link.dh_link_facility_mps_target_id = reg_feat.hydroid 
     )
     left outer join dh_feature as mp_feat
     on (
       mp_link.entity_id = mp_feat.hydroid 
       and mp_feat.bundle = 'usgsgage' 
     )
     left outer join dh_properties as mp_val
     on (
       mp_feat.hydroid = mp_val.featureid
       and mp_val.entity_type = 'dh_feature' 
       and mp_val.varid = b.hydroid 
     )
     where reg_feat.bundle = 'landunit'
       and reg_feat.ftype = 'drought_region'
     group by reg_feat.hydroid, reg_val.propcode, reg_val.propvalue, 
       reg_val.startdate, reg_val.enddate, st_centroid(reg_geo.dh_geofield_geom) 
   ) AS foo USING UNIQUE hydroid using SRID=4326 "
   TEMPLATE drought.html
   #MINSCALE 1000
   #MAXSCALE 50000
    #STATUS ON  
   CLASS
      NAME "Normal"
      EXPRESSION ( "[drought_status]" eq "0" )
      STYLE
         SYMBOL 'circle'
         SIZE 11
         COLOR 100 200 100
         BACKGROUNDCOLOR 100 200 100
         OUTLINECOLOR 0 0 0   
         OFFSET 12 0
      END
   END
   CLASS
      NAME "Watch"
      EXPRESSION ( [drought_status] = 1 )
      STYLE
         SYMBOL 'circle'
         SIZE 11
         COLOR 255 255 51
         BACKGROUNDCOLOR 255 255 51
         OUTLINECOLOR 0 0 0
         OFFSET 12 0
      END
   END
   CLASS
      NAME "Warning"
      EXPRESSION ( [drought_status] = 2 )
      STYLE
         SYMBOL 'circle'
         SIZE 11
         COLOR 255 204 51
         BACKGROUNDCOLOR 255 204 51
         OUTLINECOLOR 0 0 0  
         OFFSET 12 0
      END
   END
   CLASS
      NAME "Emergency"
      EXPRESSION ( [drought_status] = 3 )
      STYLE
         SYMBOL 'circle'
         SIZE 11
         COLOR 184 0 0
         BACKGROUNDCOLOR 184 0 0
         OUTLINECOLOR 0 0 0   
         OFFSET 12 0
      END
   END
   CLASS
      NAME "None"
      STYLE
         SYMBOL 'circle'
         SIZE 11
         COLOR 220 220 220
         BACKGROUNDCOLOR -1 -1 -1
         OUTLINECOLOR 0 0 0   
         OFFSET 12 0
      END
   END
   TOLERANCE 10
   PROJECTION
   # EPSG SRID = 4326
     "proj=latlong"
   END
  METADATA
    "DESCRIPTION"   "Stat Results"
  END
END

LAYER
   CONNECTIONTYPE postgis
   CONNECTION "host=192.168.0.21 user=postgres password=314159 dbname=drupal.dh03"
   NAME sym_gw
   GROUP sym_gw
   TYPE POINT
   STATUS ON
   DATA "shape FROM (
     select st_setsrid(st_centroid(reg_geo.dh_geofield_geom),4326) AS shape,
       reg_feat.hydroid, 
       CASE 
         WHEN reg_val.propcode is NOT NULL THEN reg_val.propvalue
         WHEN min(mp_val.propvalue) IS NULL THEN -1
         ELSE min(mp_val.propvalue)
       END as thisvalue,
       CASE 
         WHEN ( (reg_val.propcode is NOT NULL) and (reg_val.propcode <> '')) THEN reg_val.propcode
         WHEN max(mp_val.propcode) IS NULL THEN '-1'
         ELSE max(mp_val.propcode)
       END as drought_status, reg_val.startdate, reg_val.enddate 
     from dh_feature as reg_feat  
     left outer join field_data_dh_geofield as reg_geo
     on (
       reg_geo.entity_id = reg_feat.hydroid 
       and reg_geo.entity_type = 'dh_feature' 
     )
     left outer join dh_variabledefinition as b 
     on (
       b.varkey = 'drought_status_well'
     )
     left outer join dh_properties as reg_val
     on (
       reg_feat.hydroid = reg_val.featureid
       and reg_val.entity_type = 'dh_feature' 
       and reg_val.varid = b.hydroid 
     )
     left outer join field_data_dh_link_facility_mps as mp_link
     on (
       mp_link.entity_type = 'dh_feature' 
       and mp_link.dh_link_facility_mps_target_id = reg_feat.hydroid 
     )
     left outer join dh_feature as mp_feat
     on (
       mp_link.entity_id = mp_feat.hydroid 
       and mp_feat.bundle = 'well' 
     )
     left outer join dh_properties as mp_val
     on (
       mp_feat.hydroid = mp_val.featureid
       and mp_val.entity_type = 'dh_feature' 
       and mp_val.varid = b.hydroid 
     )
     where reg_feat.bundle = 'landunit'
       and reg_feat.ftype = 'drought_region'
     group by reg_feat.hydroid, reg_val.propcode, reg_val.propvalue, 
       reg_val.startdate, reg_val.enddate, st_centroid(reg_geo.dh_geofield_geom) 
   ) AS foo USING UNIQUE hydroid using SRID=4326 "
   TEMPLATE drought.html
   #MINSCALE 1000
   #MAXSCALE 50000
    #STATUS ON  
   CLASS
      NAME "Normal"
      EXPRESSION ( tostring([drought_status],'s') = '0' )
      STYLE
         SYMBOL 'circle'
         SIZE 11
         COLOR 100 200 100
         BACKGROUNDCOLOR 100 200 100
         OUTLINECOLOR 0 0 0   
         OFFSET 6 -9
      END
   END
   CLASS
      NAME "Watch"
      EXPRESSION ( [drought_status] = 1 )
      STYLE
         SYMBOL 'circle'
         SIZE 11
         COLOR 255 255 51
         BACKGROUNDCOLOR 255 255 51
         OUTLINECOLOR 0 0 0
         OFFSET 6 -9
      END
   END
   CLASS
      NAME "Warning"
      EXPRESSION ( [drought_status] = 2 )
      STYLE
         SYMBOL 'circle'
         SIZE 11
         COLOR 255 204 51
         BACKGROUNDCOLOR 255 204 51
         OUTLINECOLOR 0 0 0  
         OFFSET 6 -9
      END
   END
   CLASS
      NAME "Emergency"
      EXPRESSION ( [drought_status] = 3 )
      STYLE
         SYMBOL 'circle'
         SIZE 11
         COLOR 184 0 0
         BACKGROUNDCOLOR 184 0 0
         OUTLINECOLOR 0 0 0   
         OFFSET 6 -9
      END
   END
   CLASS
      NAME "None"
      STYLE
         SYMBOL 'circle'
         SIZE 11
         COLOR 220 220 220
         BACKGROUNDCOLOR -1 -1 -1
         OUTLINECOLOR 0 0 0   
         OFFSET 6 -9
      END
   END
   TOLERANCE 10
   PROJECTION
   # EPSG SRID = 4326
     "proj=latlong"
   END
  METADATA
    "DESCRIPTION"   "Stat Results"
  END
END

LAYER
   CONNECTIONTYPE postgis
   CONNECTION "host=192.168.0.21 user=postgres password=314159 dbname=noaa"
   NAME proj_flowgages
   GROUP proj_flowgages
   TYPE POINT
   STATUS OFF
   #DEBUG ON
   DATA "shape FROM (select st_setsrid(st_centroid(c.the_geom),4326) AS shape,a.agg_group,a.projectid,a.oid,b.site_no, b.indicator_site, c.pointname, c.pointtype, c.projectid as cpd from
proj_seggroups as a, map_group_site as b, proj_points as c where a.gid = b.gid and b.site_no = c.pointname and c.pointtype = 1 and a.projectid = c.projectid) AS foo USING UNIQUE oid using SRID=4326 "
   FILTER " projectid = 1 and indicator_site = 1"
   TEMPLATE drought.html
   #MINSCALE 1000
   #MAXSCALE 50000
    #STATUS ON  
   CLASS
      NAME "None"
      STYLE
         SYMBOL 'circle'
         SIZE 7
         #COLOR 184 0 0
         COLOR -1 -1 -1
         BACKGROUNDCOLOR -1 -1 -1
         OUTLINECOLOR 234 10 120  
      END
   END
   TOLERANCE 10
   PROJECTION
   # EPSG SRID = 4326
     "proj=latlong"
   END
  METADATA
    "DESCRIPTION"   "Stat Results"
  END
END

LAYER
  NAME copyright
  STATUS ON
  TYPE POINT
  TRANSFORM false
  DEBUG ON
  FEATURE
    POINTS
      200 84 #this is the position of the text in image coordinates (pixels)
    END
    TEXT "GW" #this is your displaying text
  END   
  FEATURE
    POINTS
      232 84 #this is the position of the text in image coordinates (pixels)
    END
    TEXT "Prcp" #this is your displaying text
  END   
  FEATURE
    POINTS
      232 116 #this is the position of the text in image coordinates (pixels)
    END
    TEXT "Flow" #this is your displaying text
  END   
  FEATURE
    POINTS
      200 116 #this is the position of the text in image coordinates (pixels)
    END
    TEXT "Res" #this is your displaying text
  END   
  CLASS
    STYLE
       SYMBOL 'circle'
       SIZE 32
       COLOR 220 220 220
       #BACKGROUNDCOLOR -1 -1 -1
       OUTLINECOLOR 0 0 0   
       ANTIALIAS FALSE
    END
    LABEL #defines the font, colors etc. of the text
      FONT "arial"
      TYPE TRUETYPE
      SIZE 10
      BUFFER 1
      COLOR 0 0 0
      #BACKGROUNDCOLOR -1 -1 -1
      FORCE TRUE
      #POSITION ll
    END
  END 
END

LAYER
  NAME statusnormal
  STATUS ON
  TYPE POINT
  TRANSFORM false
  FEATURE
    POINTS
      84 68 #this is the position of the text in image coordinates (pixels)
    END
    TEXT "Normal" #this is your displaying text
  END   
   CLASS
      NAME "Normal"
      STYLE
         SYMBOL 'circle'
         SIZE 16
         COLOR 92 200 92
         BACKGROUNDCOLOR 92 200 92
         OUTLINECOLOR 0 0 0   
      END
      LABEL #defines the font, colors etc. of the text
         FONT "arial"
         TYPE TRUETYPE
         SIZE 10
         BUFFER 1
         COLOR 0 0 0
         #BACKGROUNDCOLOR -1 -1 -1
         FORCE TRUE
         POSITION CR
      END
  END 
END

LAYER
  NAME statuswatch
  STATUS ON
  TYPE POINT
  TRANSFORM false
  FEATURE
    POINTS
      84 84 #this is the position of the text in image coordinates (pixels)
    END
    TEXT "Watch" #this is your displaying text
  END   
   CLASS
      NAME "Watch"
      STYLE
         SYMBOL 'circle'
         SIZE 16
         COLOR 255 255 51
         BACKGROUNDCOLOR 255 255 51
         OUTLINECOLOR 0 0 0
      END
      LABEL #defines the font, colors etc. of the text
         FONT "arial"
         TYPE TRUETYPE
         SIZE 10
         BUFFER 1
         COLOR 0 0 0
         #BACKGROUNDCOLOR -1 -1 -1
         FORCE TRUE
         POSITION CR
      END
  END 
END


LAYER
  NAME statuswarn
  STATUS ON
  TYPE POINT
  TRANSFORM false
  FEATURE
    POINTS
      84 100 #this is the position of the text in image coordinates (pixels)
    END
    TEXT "Warning" #this is your displaying text
  END   
   CLASS
      NAME "Warning"
      STYLE
         SYMBOL 'circle'
         SIZE 16
         COLOR 255 204 51
         BACKGROUNDCOLOR 255 204 51
         OUTLINECOLOR 0 0 0 
      END
      LABEL #defines the font, colors etc. of the text
         FONT "arial"
         TYPE TRUETYPE
         SIZE 10
         BUFFER 1
         COLOR 0 0 0
         #BACKGROUNDCOLOR -1 -1 -1
         FORCE TRUE
         POSITION CR
      END
   END
END

LAYER
  NAME statusemerg
  STATUS ON
  TYPE POINT
  TRANSFORM false
  FEATURE
    POINTS
      84 116 #this is the position of the text in image coordinates (pixels)
    END
    TEXT "Emergency" #this is your displaying text
  END   
   CLASS
      NAME "Emergency"
      STYLE
         SYMBOL 'circle'
         SIZE 16
         COLOR 184 0 0
         BACKGROUNDCOLOR 184 0 0
         OUTLINECOLOR 0 0 0   
      END
      LABEL #defines the font, colors etc. of the text
         FONT "arial"
         TYPE TRUETYPE
         SIZE 10
         BUFFER 1
         COLOR 0 0 0
         #BACKGROUNDCOLOR -1 -1 -1
         FORCE TRUE
         POSITION CR
      END
   END
END

LAYER
  NAME statusblank
  STATUS ON
  TYPE POINT
  TRANSFORM false
  FEATURE
    POINTS
      84 132 #this is the position of the text in image coordinates (pixels)
    END
    TEXT "No Data" #this is your displaying text
  END   
   CLASS
      NAME "Missing"
      STYLE
         SYMBOL 'circle'
         SIZE 16
         COLOR 220 220 220
         BACKGROUNDCOLOR -1 -1 -1
         OUTLINECOLOR 0 0 0   
      END
      LABEL #defines the font, colors etc. of the text
         FONT "arial"
         TYPE TRUETYPE
         SIZE 10
         BUFFER 1
         COLOR 0 0 0
         #BACKGROUNDCOLOR -1 -1 -1
         FORCE TRUE
         POSITION CR
      END
   END
END


LAYER
  NAME date_modified
  STATUS ON
  TYPE POINT
  TRANSFORM false
  FEATURE
    POINTS
      260 35 #this is the position of the text in image coordinates (pixels)
    END
    TEXT " Drought Indicators Updated 4/27/2008     " #this is your displaying text
  END   
  CLASS
    #NAME thislabel
    LABEL #defines the font, colors etc. of the text
      FONT "arial"
      TYPE TRUETYPE
      SIZE 10
      BUFFER 1
      COLOR 0 0 0
      #BACKGROUNDCOLOR 255 255 255
      FORCE TRUE
    END
  END 
END
#map definition end
END

END  