MAP
NAME WATERUSE
SIZE 900 600
STATUS ON
#SYMBOLSET "./sym_wateruse.sym"
# for map in dd
EXTENT  -83.6754150390625 36.5407371520996 -75.2422637939453 39.4660148620605
UNITS DD
# for map in utm 83z18
#UNITS METERS
SHAPEPATH "data"
FONTSET "./fonts.txt"
PROJECTION
  "init=epsg:4326"
END
DEBUG ON
CONFIG "MS_ERRORFILE" "/tmp/mapserver.log"

SYMBOL
  NAME 'circle'
  TYPE ELLIPSE
  POINTS 1 1 END
  FILLED TRUE
END

WEB
   MAXSCALE 5000000
   IMAGEPATH "/var/www/html/tmp/"
   IMAGEURL "/tmp/"
  METADATA
    "wfs_title"            "Water Use Data - Commonwealth of Virginia"  ## REQUIRED
    "wfs_onlineresource"   "http://deq2.bse.vt.edu/cgi-bin/mapserv?map=/var/www/html/mapserv/vwuds_max_wfs.map&"  ## Recommended
    "wfs_srs"               "EPSG:4326"  ## Recommended
    "wfs_abstract"       "This text describes my WFS service." ## Recommended
    "wfs_enable_request" "*"  # necessary
    "ows_schemas_location" "http://ogc.dmsolutions.ca"  ## Optional
  END
END

LAYER
   NAME vpdes_current
   METADATA
      "wfs_title"    "Point Source Discharge Estimated Current Monthly Data" ## REQUIRED
      "wfs_srs"           "EPSG:4326" ## REQUIRED
      "gml_featureid" "recid" ## REQUIRED
      "gml_include_items" "all"  ## Optional (serves all attributes for layer)
      "wfs_enable_request" "*"
   END
   CONNECTIONTYPE postgis
   CONNECTION "host=192.168.0.21 user=vpdes_ro password=vpd3sROpw dbname=vpdes"
   TYPE POINT
   STATUS DEFAULT
   DUMP TRUE
   DEBUG ON
   DATA "the_geom FROM (
      select a.vpid, a.vpdes_permit_no, a.the_geom, a.facility_name, a.vpdes_type, 
         b.ps_mgd as jan_mgd, 
         c.ps_mgd as feb_mgd,
         d.ps_mgd as mar_mgd,
         e.ps_mgd as apr_mgd,
         f.ps_mgd as may_mgd,
         g.ps_mgd as jun_mgd,
         h.ps_mgd as jul_mgd,
         i.ps_mgd as aug_mgd,
         j.ps_mgd as sep_mgd,
         k.ps_mgd as oct_mgd,
         l.ps_mgd as nov_mgd,
         m.ps_mgd as dec_mgd
      FROM vpdes_one_location as a 
      left outer join vpdes_discharge_current as b 
      on (
         a.vpdes_permit_no = b.vpdes_permit_no 
         and b.thismonth = 1 
      )
      left outer join vpdes_discharge_current as c 
      on (
         a.vpdes_permit_no = c.vpdes_permit_no 
         and c.thismonth = 2 
      )
      left outer join vpdes_discharge_current as d 
      on (
         a.vpdes_permit_no = d.vpdes_permit_no 
         and d.thismonth = 3 
      )
      left outer join vpdes_discharge_current as e 
      on (
         a.vpdes_permit_no = e.vpdes_permit_no 
         and e.thismonth = 4 
      )
      left outer join vpdes_discharge_current as f 
      on (
         a.vpdes_permit_no = f.vpdes_permit_no 
         and f.thismonth = 5 
      )
      left outer join vpdes_discharge_current as g 
      on (
         a.vpdes_permit_no = g.vpdes_permit_no 
         and g.thismonth = 6 
      )
      left outer join vpdes_discharge_current as h 
      on (
         a.vpdes_permit_no = h.vpdes_permit_no 
         and h.thismonth = 7 
      )
      left outer join vpdes_discharge_current as i 
      on (
         a.vpdes_permit_no = i.vpdes_permit_no 
         and i.thismonth = 8 
      )
      left outer join vpdes_discharge_current as j 
      on (
         a.vpdes_permit_no = j.vpdes_permit_no 
         and j.thismonth = 9 
      )
      left outer join vpdes_discharge_current as k 
      on (
         a.vpdes_permit_no = k.vpdes_permit_no 
         and k.thismonth = 10 
      )
      left outer join vpdes_discharge_current as l 
      on (
         a.vpdes_permit_no = l.vpdes_permit_no 
         and l.thismonth = 11 
      )
      left outer join vpdes_discharge_current as m 
      on (
         a.vpdes_permit_no = m.vpdes_permit_no 
         and m.thismonth = 12 
      )
   ) AS foo USING UNIQUE vpid"
   #FILTER "leapyear <> true"
   TEMPLATE drought.html
   #MINSCALE 1000
   #MAXSCALE 50000
   CLASS
      SYMBOL 'circle'
      SIZE 11
      NAME "discharge"
      COLOR 245 245 245
      BACKGROUNDCOLOR 245 245 245
      OUTLINECOLOR 0 0 0
   END
   TOLERANCE 10
   PROJECTION
   # EPSG SRID = 4326
     "init=epsg:4326"
   END
END

#map definition end
END
