MAP
NAME WATERUSE
SIZE 900 600
STATUS ON
#SYMBOLSET "./sym_wateruse.sym"
# for map in dd
EXTENT  -83.6754150390625 36.5407371520996 -75.2422637939453 39.4660148620605
UNITS DD
# for map in utm 83z18
#UNITS METERS
SHAPEPATH "data"
FONTSET "./fonts.txt"
PROJECTION
  "init=epsg:4326"
END
DEBUG ON
CONFIG "MS_ERRORFILE" "/tmp/mapserver.log"

SYMBOL
  NAME 'circle'
  TYPE ELLIPSE
  POINTS 1 1 END
  FILLED TRUE
END

WEB
   MAXSCALE 5000000
   IMAGEPATH "/var/www/html/tmp/"
   IMAGEURL "/tmp/"
  METADATA
    "wfs_title"            "COVA-OSGWSP WFS Testing Service"  ## REQUIRED
    "wfs_onlineresource"   "http://deq2.bse.vt.edu/cgi-bin/mapserv?map=/var/www/html/mapserv/wsp_wfs-test.map&"  ## Recommended
    "wfs_srs"               "EPSG:4326"  ## Recommended
    "wfs_abstract"       "This text describes my WFS service." ## Recommended
    "wfs_enable_request" "*"  # necessary
    "ows_schemas_location" "http://ogc.dmsolutions.ca"  ## Optional
  END
   TEMPLATE webmap.html
END

LAYER
   NAME model_element_info
   METADATA
      "wfs_title"    "Model Element Info" ## REQUIRED
      "wfs_srs"           "EPSG:4326" ## REQUIRED
      "gml_featureid" "elementid" ## REQUIRED
      "gml_include_items" "all"  ## Optional (serves all attributes for layer)
      "wfs_enable_request" "*"
	  "wfs_version" "1.0.0"
   END
   CONNECTIONTYPE postgis
   CONNECTION "host=192.168.0.13 user=postgres password=314159 dbname=model"
   TYPE POLYGON
   STATUS DEFAULT
   DUMP TRUE
   DEBUG ON
   DATA "poly_geom FROM (select a.poly_geom, a.elementid, a.elemname, a.custom1, a.custom2 from scen_model_element as a where a.custom1 in ('cova_ws_subnodal', 'cova_ws_container') and a.scenarioid = 37 ) AS foo USING UNIQUE elementid"
   #FILTER "runid = 22"
   TEMPLATE webmap.html
   #MINSCALE 1000
   #MAXSCALE 50000
   CLASS
      SYMBOL 'circle'
      SIZE 11
      NAME "Watershed Bounds"
      COLOR 245 245 245
      BACKGROUNDCOLOR 0 0 0
      OUTLINECOLOR 0 0 0
   END
   TOLERANCE 10
   PROJECTION
   # EPSG SRID = 4326
     "init=epsg:4326"
   END
END

LAYER
   NAME model_run_info
   METADATA
      "wfs_title"    "Model Run Status Info" ## REQUIRED
      "wfs_srs"           "EPSG:4326" ## REQUIRED
      "gml_featureid" "elementid" ## REQUIRED
      "gml_include_items" "all"  ## Optional (serves all attributes for layer)
      "wfs_enable_request" "*"
	  "wfs_version" "1.0.0"
   END
   CONNECTIONTYPE postgis
   CONNECTION "host=192.168.0.13 user=postgres password=314159 dbname=model"
   TYPE POLYGON
   STATUS DEFAULT
   DUMP TRUE
   DEBUG ON
   DATA "poly_geom FROM (select a.poly_geom, b.elementid, a.elemname, a.custom1, a.custom2, b.runid, b.run_date, b.run_verified, b.starttime, b.endtime from scen_model_element as a left outer join scen_model_run_elements as b on ( a.elementid = b.elementid) where a.custom1 in ('cova_ws_subnodal', 'cova_ws_container') and a.scenarioid = 37 ) AS foo USING UNIQUE elementid"
   #FILTER "runid = 22"
   FILTER "runid = %runid%"
   TEMPLATE webmap.html
   #MINSCALE 1000
   #MAXSCALE 50000
   CLASS
      SYMBOL 'circle'
      SIZE 11
      NAME "Watershed Bounds"
      #COLOR 245 245 245
      COLOR 100 200 100
      BACKGROUNDCOLOR 0 0 0
      OUTLINECOLOR 0 0 0
   END
   TOLERANCE 10
   PROJECTION
   # EPSG SRID = 4326
     "init=epsg:4326"
   END
END



LAYER
   NAME wsp_system_info_test
   METADATA
      "wfs_title"    "Water Supply Plan System Information Test" ## REQUIRED
      "wfs_srs"           "EPSG:4326" ## REQUIRED
      "gml_featureid" "system_nid" ## REQUIRED
      "gml_include_items" "all"  ## Optional (serves all attributes for layer)
      "wfs_enable_request" "*"
	  "wfs_version" "1.0.0"
	  "gml_current_mgy_type" "double"
   END
   #GROUP vwuds_max
   CONNECTIONTYPE postgis
   CONNECTION "host=192.168.0.13 user=wsp_ro password=314159 dbname=drupal715"
   TYPE POINT
   STATUS DEFAULT
   DUMP TRUE
   DEBUG ON
   DATA "the_geom FROM (select * from wsp_system_locations ) AS foo USING UNIQUE system_nid"
   #FILTER "leapyear <> true"
   TEMPLATE webmap.html
   #MINSCALE 1000
   #MAXSCALE 50000
   CLASS
      SYMBOL 'circle'
      SIZE 8
      NAME "precip_nml"
      COLOR 221 221 221
      BACKGROUNDCOLOR 0 0 0
      OUTLINECOLOR 0 0 0
   END
   TOLERANCE 10
   PROJECTION
   # EPSG SRID = 4326
     "init=epsg:4326"
   END
END

LAYER
   NAME wsp_source_info_test
   METADATA
      "wfs_title"    "Water Supply Plan Source Information Test" ## REQUIRED
      "wfs_srs"           "EPSG:4326" ## REQUIRED
      "gml_featureid" "system_nid" ## REQUIRED
      "gml_include_items" "all"  ## Optional (serves all attributes for layer)
      "wfs_enable_request" "*"
	  "wfs_version" "1.0.0"
	  "gml_current_mgy_type" "double"
   END
   #GROUP vwuds_max
   CONNECTIONTYPE postgis
   CONNECTION "host=192.168.0.13 user=wsp_ro password=314159 dbname=drupal715"
   TYPE POINT
   STATUS OFF
   DUMP TRUE
   DEBUG ON
   DATA "the_geom FROM (select * from wsp_system_source_detail ) AS foo USING UNIQUE system_nid"
   #FILTER "leapyear <> true"
   TEMPLATE webmap.html
   #MINSCALE 1000
   #MAXSCALE 50000
   CLASS
      SYMBOL 'circle'
      SIZE 4
      NAME "precip_nml"
      COLOR 245 245 245
      BACKGROUNDCOLOR 0 0 0
      OUTLINECOLOR 0 0 0
   END
   TOLERANCE 10
   PROJECTION
   # EPSG SRID = 4326
     "init=epsg:4326"
   END
END


#map definition end
END
